<?xml version="1.0" encoding="ISO-8859-1" ?>
<link_info>
   <banner>TI ARM Linker PC v20.2.7.LTS</banner>
   <copyright>Copyright (c) 1996-2018 Texas Instruments Incorporated</copyright>
   <link_time>0x652bf50b</link_time>
   <link_errors>0x0</link_errors>
   <output_file>gpiointerrupt_CC3220SF_LAUNCHXL_nortos_ccs.out</output_file>
   <entry_point>
      <name>resetISR</name>
      <address>0x10068b5</address>
   </entry_point>
   <input_file_list>
      <input_file id="fl-2">
         <path>.\</path>
         <kind>object</kind>
         <file>gpiointerrupt.obj</file>
         <name>gpiointerrupt.obj</name>
      </input_file>
      <input_file id="fl-3">
         <path>.\syscfg\</path>
         <kind>object</kind>
         <file>ti_drivers_config.obj</file>
         <name>ti_drivers_config.obj</name>
      </input_file>
      <input_file id="fl-4">
         <path>.\</path>
         <kind>object</kind>
         <file>main_nortos.obj</file>
         <name>main_nortos.obj</name>
      </input_file>
      <input_file id="fl-d">
         <kind>object</kind>
         <file>&lt;internal&gt;</file>
         <name>&lt;internal&gt;</name>
      </input_file>
      <input_file id="fl-e">
         <path>C:\ti\simplelink_cc32xx_sdk_4_30_00_06\source\ti\drivers\lib\ccs\m4\</path>
         <kind>archive</kind>
         <file>drivers_cc32xx.a</file>
         <name>I2C.oem4</name>
      </input_file>
      <input_file id="fl-f">
         <path>C:\ti\simplelink_cc32xx_sdk_4_30_00_06\source\ti\drivers\lib\ccs\m4\</path>
         <kind>archive</kind>
         <file>drivers_cc32xx.a</file>
         <name>Timer.oem4</name>
      </input_file>
      <input_file id="fl-10">
         <path>C:\ti\simplelink_cc32xx_sdk_4_30_00_06\source\ti\drivers\lib\ccs\m4\</path>
         <kind>archive</kind>
         <file>drivers_cc32xx.a</file>
         <name>UART.oem4</name>
      </input_file>
      <input_file id="fl-11">
         <path>C:\ti\simplelink_cc32xx_sdk_4_30_00_06\source\ti\drivers\lib\ccs\m4\</path>
         <kind>archive</kind>
         <file>drivers_cc32xx.a</file>
         <name>GPIOCC32XX.oem4</name>
      </input_file>
      <input_file id="fl-12">
         <path>C:\ti\simplelink_cc32xx_sdk_4_30_00_06\source\ti\drivers\lib\ccs\m4\</path>
         <kind>archive</kind>
         <file>drivers_cc32xx.a</file>
         <name>I2CCC32XX.oem4</name>
      </input_file>
      <input_file id="fl-13">
         <path>C:\ti\simplelink_cc32xx_sdk_4_30_00_06\source\ti\drivers\lib\ccs\m4\</path>
         <kind>archive</kind>
         <file>drivers_cc32xx.a</file>
         <name>PowerCC32XX.oem4</name>
      </input_file>
      <input_file id="fl-14">
         <path>C:\ti\simplelink_cc32xx_sdk_4_30_00_06\source\ti\drivers\lib\ccs\m4\</path>
         <kind>archive</kind>
         <file>drivers_cc32xx.a</file>
         <name>PowerCC32XX_asm.oem4</name>
      </input_file>
      <input_file id="fl-15">
         <path>C:\ti\simplelink_cc32xx_sdk_4_30_00_06\source\ti\drivers\lib\ccs\m4\</path>
         <kind>archive</kind>
         <file>drivers_cc32xx.a</file>
         <name>TimerCC32XX.oem4</name>
      </input_file>
      <input_file id="fl-16">
         <path>C:\ti\simplelink_cc32xx_sdk_4_30_00_06\source\ti\drivers\lib\ccs\m4\</path>
         <kind>archive</kind>
         <file>drivers_cc32xx.a</file>
         <name>UARTCC32XX.oem4</name>
      </input_file>
      <input_file id="fl-17">
         <path>C:\ti\simplelink_cc32xx_sdk_4_30_00_06\source\ti\drivers\lib\ccs\m4\</path>
         <kind>archive</kind>
         <file>drivers_cc32xx.a</file>
         <name>List.oem4</name>
      </input_file>
      <input_file id="fl-18">
         <path>C:\ti\simplelink_cc32xx_sdk_4_30_00_06\source\ti\drivers\lib\ccs\m4\</path>
         <kind>archive</kind>
         <file>drivers_cc32xx.a</file>
         <name>RingBuf.oem4</name>
      </input_file>
      <input_file id="fl-19">
         <path>C:\ti\simplelink_cc32xx_sdk_4_30_00_06\kernel\nortos\lib\ccs\m4\</path>
         <kind>archive</kind>
         <file>nortos_cc32xx.a</file>
         <name>NoRTOS.oem4</name>
      </input_file>
      <input_file id="fl-1a">
         <path>C:\ti\simplelink_cc32xx_sdk_4_30_00_06\kernel\nortos\lib\ccs\m4\</path>
         <kind>archive</kind>
         <file>nortos_cc32xx.a</file>
         <name>SemaphoreP_nortos.oem4</name>
      </input_file>
      <input_file id="fl-1b">
         <path>C:\ti\simplelink_cc32xx_sdk_4_30_00_06\kernel\nortos\lib\ccs\m4\</path>
         <kind>archive</kind>
         <file>nortos_cc32xx.a</file>
         <name>ClockPSysTick_nortos.oem4</name>
      </input_file>
      <input_file id="fl-1c">
         <path>C:\ti\simplelink_cc32xx_sdk_4_30_00_06\kernel\nortos\lib\ccs\m4\</path>
         <kind>archive</kind>
         <file>nortos_cc32xx.a</file>
         <name>HwiPCC32XX_nortos.oem4</name>
      </input_file>
      <input_file id="fl-1d">
         <path>C:\ti\simplelink_cc32xx_sdk_4_30_00_06\kernel\nortos\lib\ccs\m4\</path>
         <kind>archive</kind>
         <file>nortos_cc32xx.a</file>
         <name>PowerCC32XX_nortos.oem4</name>
      </input_file>
      <input_file id="fl-1e">
         <path>C:\ti\simplelink_cc32xx_sdk_4_30_00_06\kernel\nortos\lib\ccs\m4\</path>
         <kind>archive</kind>
         <file>nortos_cc32xx.a</file>
         <name>startup_cc32xx_ccs.oem4</name>
      </input_file>
      <input_file id="fl-1f">
         <path>C:\ti\simplelink_cc32xx_sdk_4_30_00_06\kernel\nortos\lib\ccs\m4\</path>
         <kind>archive</kind>
         <file>nortos_cc32xx.a</file>
         <name>SwiP_nortos.oem4</name>
      </input_file>
      <input_file id="fl-20">
         <path>C:\ti\simplelink_cc32xx_sdk_4_30_00_06\kernel\nortos\lib\ccs\m4\</path>
         <kind>archive</kind>
         <file>nortos_cc32xx.a</file>
         <name>QueueP_nortos.oem4</name>
      </input_file>
      <input_file id="fl-21">
         <path>C:\ti\simplelink_cc32xx_sdk_4_30_00_06\source\ti\devices\cc32xx\driverlib\ccs\Release\</path>
         <kind>archive</kind>
         <file>driverlib.a</file>
         <name>cpu.obj</name>
      </input_file>
      <input_file id="fl-22">
         <path>C:\ti\simplelink_cc32xx_sdk_4_30_00_06\source\ti\devices\cc32xx\driverlib\ccs\Release\</path>
         <kind>archive</kind>
         <file>driverlib.a</file>
         <name>i2c.obj</name>
      </input_file>
      <input_file id="fl-23">
         <path>C:\ti\simplelink_cc32xx_sdk_4_30_00_06\source\ti\devices\cc32xx\driverlib\ccs\Release\</path>
         <kind>archive</kind>
         <file>driverlib.a</file>
         <name>interrupt.obj</name>
      </input_file>
      <input_file id="fl-24">
         <path>C:\ti\simplelink_cc32xx_sdk_4_30_00_06\source\ti\devices\cc32xx\driverlib\ccs\Release\</path>
         <kind>archive</kind>
         <file>driverlib.a</file>
         <name>pin.obj</name>
      </input_file>
      <input_file id="fl-25">
         <path>C:\ti\simplelink_cc32xx_sdk_4_30_00_06\source\ti\devices\cc32xx\driverlib\ccs\Release\</path>
         <kind>archive</kind>
         <file>driverlib.a</file>
         <name>prcm.obj</name>
      </input_file>
      <input_file id="fl-26">
         <path>C:\ti\simplelink_cc32xx_sdk_4_30_00_06\source\ti\devices\cc32xx\driverlib\ccs\Release\</path>
         <kind>archive</kind>
         <file>driverlib.a</file>
         <name>timer.obj</name>
      </input_file>
      <input_file id="fl-27">
         <path>C:\ti\simplelink_cc32xx_sdk_4_30_00_06\source\ti\devices\cc32xx\driverlib\ccs\Release\</path>
         <kind>archive</kind>
         <file>driverlib.a</file>
         <name>uart.obj</name>
      </input_file>
      <input_file id="fl-28">
         <path>C:\ti\simplelink_cc32xx_sdk_4_30_00_06\source\ti\devices\cc32xx\driverlib\ccs\Release\</path>
         <kind>archive</kind>
         <file>driverlib.a</file>
         <name>utils.obj</name>
      </input_file>
      <input_file id="fl-29">
         <path>C:\ti\simplelink_cc32xx_sdk_4_30_00_06\source\ti\devices\cc32xx\driverlib\ccs\Release\</path>
         <kind>archive</kind>
         <file>driverlib.a</file>
         <name>flash.obj</name>
      </input_file>
      <input_file id="fl-df">
         <path>C:\ti\ccs1240\ccs\tools\compiler\ti-cgt-arm_20.2.7.LTS\lib\</path>
         <kind>archive</kind>
         <file>rtsv7M4_T_le_eabi.lib</file>
         <name>snprintf.c.obj</name>
      </input_file>
      <input_file id="fl-e0">
         <path>C:\ti\ccs1240\ccs\tools\compiler\ti-cgt-arm_20.2.7.LTS\lib\</path>
         <kind>archive</kind>
         <file>rtsv7M4_T_le_eabi.lib</file>
         <name>fs_mul_t2.asm.obj</name>
      </input_file>
      <input_file id="fl-e1">
         <path>C:\ti\ccs1240\ccs\tools\compiler\ti-cgt-arm_20.2.7.LTS\lib\</path>
         <kind>archive</kind>
         <file>rtsv7M4_T_le_eabi.lib</file>
         <name>fs_toi_t2.asm.obj</name>
      </input_file>
      <input_file id="fl-e2">
         <path>C:\ti\ccs1240\ccs\tools\compiler\ti-cgt-arm_20.2.7.LTS\lib\</path>
         <kind>archive</kind>
         <file>rtsv7M4_T_le_eabi.lib</file>
         <name>i_tofs_t2.asm.obj</name>
      </input_file>
      <input_file id="fl-e3">
         <path>C:\ti\ccs1240\ccs\tools\compiler\ti-cgt-arm_20.2.7.LTS\lib\</path>
         <kind>archive</kind>
         <file>rtsv7M4_T_le_eabi.lib</file>
         <name>ll_mul_t2.asm.obj</name>
      </input_file>
      <input_file id="fl-e4">
         <path>C:\ti\ccs1240\ccs\tools\compiler\ti-cgt-arm_20.2.7.LTS\lib\</path>
         <kind>archive</kind>
         <file>rtsv7M4_T_le_eabi.lib</file>
         <name>memcpy_t2.asm.obj</name>
      </input_file>
      <input_file id="fl-e5">
         <path>C:\ti\ccs1240\ccs\tools\compiler\ti-cgt-arm_20.2.7.LTS\lib\</path>
         <kind>archive</kind>
         <file>rtsv7M4_T_le_eabi.lib</file>
         <name>ull_div_t2.asm.obj</name>
      </input_file>
      <input_file id="fl-e6">
         <path>C:\ti\ccs1240\ccs\tools\compiler\ti-cgt-arm_20.2.7.LTS\lib\</path>
         <kind>archive</kind>
         <file>rtsv7M4_T_le_eabi.lib</file>
         <name>copy_zero_init.c.obj</name>
      </input_file>
      <input_file id="fl-e7">
         <path>C:\ti\ccs1240\ccs\tools\compiler\ti-cgt-arm_20.2.7.LTS\lib\</path>
         <kind>archive</kind>
         <file>rtsv7M4_T_le_eabi.lib</file>
         <name>copy_decompress_none.c.obj</name>
      </input_file>
      <input_file id="fl-e8">
         <path>C:\ti\ccs1240\ccs\tools\compiler\ti-cgt-arm_20.2.7.LTS\lib\</path>
         <kind>archive</kind>
         <file>rtsv7M4_T_le_eabi.lib</file>
         <name>copy_decompress_lzss.c.obj</name>
      </input_file>
      <input_file id="fl-e9">
         <path>C:\ti\ccs1240\ccs\tools\compiler\ti-cgt-arm_20.2.7.LTS\lib\</path>
         <kind>archive</kind>
         <file>rtsv7M4_T_le_eabi.lib</file>
         <name>memory.c.obj</name>
      </input_file>
      <input_file id="fl-ea">
         <path>C:\ti\ccs1240\ccs\tools\compiler\ti-cgt-arm_20.2.7.LTS\lib\</path>
         <kind>archive</kind>
         <file>rtsv7M4_T_le_eabi.lib</file>
         <name>boot_cortex_m.c.obj</name>
      </input_file>
      <input_file id="fl-eb">
         <path>C:\ti\ccs1240\ccs\tools\compiler\ti-cgt-arm_20.2.7.LTS\lib\</path>
         <kind>archive</kind>
         <file>rtsv7M4_T_le_eabi.lib</file>
         <name>_printfi.c.obj</name>
      </input_file>
      <input_file id="fl-ec">
         <path>C:\ti\ccs1240\ccs\tools\compiler\ti-cgt-arm_20.2.7.LTS\lib\</path>
         <kind>archive</kind>
         <file>rtsv7M4_T_le_eabi.lib</file>
         <name>div0.asm.obj</name>
      </input_file>
      <input_file id="fl-ed">
         <path>C:\ti\ccs1240\ccs\tools\compiler\ti-cgt-arm_20.2.7.LTS\lib\</path>
         <kind>archive</kind>
         <file>rtsv7M4_T_le_eabi.lib</file>
         <name>fd_add_t2.asm.obj</name>
      </input_file>
      <input_file id="fl-ee">
         <path>C:\ti\ccs1240\ccs\tools\compiler\ti-cgt-arm_20.2.7.LTS\lib\</path>
         <kind>archive</kind>
         <file>rtsv7M4_T_le_eabi.lib</file>
         <name>fd_cmp_t2.asm.obj</name>
      </input_file>
      <input_file id="fl-ef">
         <path>C:\ti\ccs1240\ccs\tools\compiler\ti-cgt-arm_20.2.7.LTS\lib\</path>
         <kind>archive</kind>
         <file>rtsv7M4_T_le_eabi.lib</file>
         <name>fd_div_t2.asm.obj</name>
      </input_file>
      <input_file id="fl-f0">
         <path>C:\ti\ccs1240\ccs\tools\compiler\ti-cgt-arm_20.2.7.LTS\lib\</path>
         <kind>archive</kind>
         <file>rtsv7M4_T_le_eabi.lib</file>
         <name>fd_mul_t2.asm.obj</name>
      </input_file>
      <input_file id="fl-f1">
         <path>C:\ti\ccs1240\ccs\tools\compiler\ti-cgt-arm_20.2.7.LTS\lib\</path>
         <kind>archive</kind>
         <file>rtsv7M4_T_le_eabi.lib</file>
         <name>fd_toi_t2.asm.obj</name>
      </input_file>
      <input_file id="fl-f2">
         <path>C:\ti\ccs1240\ccs\tools\compiler\ti-cgt-arm_20.2.7.LTS\lib\</path>
         <kind>archive</kind>
         <file>rtsv7M4_T_le_eabi.lib</file>
         <name>i_tofd_t2.asm.obj</name>
      </input_file>
      <input_file id="fl-f3">
         <path>C:\ti\ccs1240\ccs\tools\compiler\ti-cgt-arm_20.2.7.LTS\lib\</path>
         <kind>archive</kind>
         <file>rtsv7M4_T_le_eabi.lib</file>
         <name>memset_t2.asm.obj</name>
      </input_file>
      <input_file id="fl-f4">
         <path>C:\ti\ccs1240\ccs\tools\compiler\ti-cgt-arm_20.2.7.LTS\lib\</path>
         <kind>archive</kind>
         <file>rtsv7M4_T_le_eabi.lib</file>
         <name>autoinit.c.obj</name>
      </input_file>
      <input_file id="fl-f5">
         <path>C:\ti\ccs1240\ccs\tools\compiler\ti-cgt-arm_20.2.7.LTS\lib\</path>
         <kind>archive</kind>
         <file>rtsv7M4_T_le_eabi.lib</file>
         <name>pre_init.c.obj</name>
      </input_file>
      <input_file id="fl-f6">
         <path>C:\ti\ccs1240\ccs\tools\compiler\ti-cgt-arm_20.2.7.LTS\lib\</path>
         <kind>archive</kind>
         <file>rtsv7M4_T_le_eabi.lib</file>
         <name>cpy_tbl.c.obj</name>
      </input_file>
      <input_file id="fl-f7">
         <path>C:\ti\ccs1240\ccs\tools\compiler\ti-cgt-arm_20.2.7.LTS\lib\</path>
         <kind>archive</kind>
         <file>rtsv7M4_T_le_eabi.lib</file>
         <name>exit.c.obj</name>
      </input_file>
      <input_file id="fl-f8">
         <path>C:\ti\ccs1240\ccs\tools\compiler\ti-cgt-arm_20.2.7.LTS\lib\</path>
         <kind>archive</kind>
         <file>rtsv7M4_T_le_eabi.lib</file>
         <name>_lock.c.obj</name>
      </input_file>
      <input_file id="fl-f9">
         <path>C:\ti\ccs1240\ccs\tools\compiler\ti-cgt-arm_20.2.7.LTS\lib\</path>
         <kind>archive</kind>
         <file>rtsv7M4_T_le_eabi.lib</file>
         <name>_ltoa.c.obj</name>
      </input_file>
      <input_file id="fl-fa">
         <path>C:\ti\ccs1240\ccs\tools\compiler\ti-cgt-arm_20.2.7.LTS\lib\</path>
         <kind>archive</kind>
         <file>rtsv7M4_T_le_eabi.lib</file>
         <name>args_main.c.obj</name>
      </input_file>
      <input_file id="fl-fb">
         <path>C:\ti\ccs1240\ccs\tools\compiler\ti-cgt-arm_20.2.7.LTS\lib\</path>
         <kind>archive</kind>
         <file>rtsv7M4_T_le_eabi.lib</file>
         <name>atoi.c.obj</name>
      </input_file>
      <input_file id="fl-fc">
         <path>C:\ti\ccs1240\ccs\tools\compiler\ti-cgt-arm_20.2.7.LTS\lib\</path>
         <kind>archive</kind>
         <file>rtsv7M4_T_le_eabi.lib</file>
         <name>ctype.c.obj</name>
      </input_file>
      <input_file id="fl-fd">
         <path>C:\ti\ccs1240\ccs\tools\compiler\ti-cgt-arm_20.2.7.LTS\lib\</path>
         <kind>archive</kind>
         <file>rtsv7M4_T_le_eabi.lib</file>
         <name>memccpy.c.obj</name>
      </input_file>
      <input_file id="fl-fe">
         <path>C:\ti\ccs1240\ccs\tools\compiler\ti-cgt-arm_20.2.7.LTS\lib\</path>
         <kind>archive</kind>
         <file>rtsv7M4_T_le_eabi.lib</file>
         <name>strchr.c.obj</name>
      </input_file>
      <input_file id="fl-ff">
         <path>C:\ti\ccs1240\ccs\tools\compiler\ti-cgt-arm_20.2.7.LTS\lib\</path>
         <kind>archive</kind>
         <file>rtsv7M4_T_le_eabi.lib</file>
         <name>strlen.c.obj</name>
      </input_file>
      <input_file id="fl-100">
         <path>C:\ti\ccs1240\ccs\tools\compiler\ti-cgt-arm_20.2.7.LTS\lib\</path>
         <kind>archive</kind>
         <file>rtsv7M4_T_le_eabi.lib</file>
         <name>errno.c.obj</name>
      </input_file>
      <input_file id="fl-101">
         <path>C:\ti\ccs1240\ccs\tools\compiler\ti-cgt-arm_20.2.7.LTS\lib\</path>
         <kind>archive</kind>
         <file>rtsv7M4_T_le_eabi.lib</file>
         <name>wcslen.c.obj</name>
      </input_file>
      <input_file id="fl-102">
         <path>C:\ti\ccs1240\ccs\tools\compiler\ti-cgt-arm_20.2.7.LTS\lib\</path>
         <kind>archive</kind>
         <file>rtsv7M4_T_le_eabi.lib</file>
         <name>s_frexp.c.obj</name>
      </input_file>
      <input_file id="fl-103">
         <path>C:\ti\ccs1240\ccs\tools\compiler\ti-cgt-arm_20.2.7.LTS\lib\</path>
         <kind>archive</kind>
         <file>rtsv7M4_T_le_eabi.lib</file>
         <name>s_scalbn.c.obj</name>
      </input_file>
      <input_file id="fl-104">
         <path>C:\ti\ccs1240\ccs\tools\compiler\ti-cgt-arm_20.2.7.LTS\lib\</path>
         <kind>archive</kind>
         <file>rtsv7M4_T_le_eabi.lib</file>
         <name>s_copysign.c.obj</name>
      </input_file>
   </input_file_list>
   <object_component_list>
      <object_component id="oc-3af">
         <name>.text:__TI_printfi</name>
         <load_address>0x1000840</load_address>
         <run_address>0x1000840</run_address>
         <size>0xa4e</size>
         <input_file_ref idref="fl-eb"/>
      </object_component>
      <object_component id="oc-1db">
         <name>.text:Board_initHook</name>
         <load_address>0x100128e</load_address>
         <run_address>0x100128e</run_address>
         <size>0x2</size>
         <input_file_ref idref="fl-3"/>
      </object_component>
      <object_component id="oc-1cf">
         <name>.text:PRCMCC3200MCUInit</name>
         <load_address>0x1001290</load_address>
         <run_address>0x1001290</run_address>
         <size>0x42c</size>
         <input_file_ref idref="fl-25"/>
      </object_component>
      <object_component id="oc-704">
         <name>.text:UARTCC32XX_open</name>
         <load_address>0x10016bc</load_address>
         <run_address>0x10016bc</run_address>
         <size>0x288</size>
         <input_file_ref idref="fl-16"/>
      </object_component>
      <object_component id="oc-54e">
         <name>.text:_pconv_a</name>
         <load_address>0x1001944</load_address>
         <run_address>0x1001944</run_address>
         <size>0x268</size>
         <input_file_ref idref="fl-eb"/>
      </object_component>
      <object_component id="oc-1ef">
         <name>.text:initI2C</name>
         <load_address>0x1001bac</load_address>
         <run_address>0x1001bac</run_address>
         <size>0x250</size>
         <input_file_ref idref="fl-2"/>
      </object_component>
      <object_component id="oc-309">
         <name>.text:GPIO_setConfig</name>
         <load_address>0x1001dfc</load_address>
         <run_address>0x1001dfc</run_address>
         <size>0x1e4</size>
         <input_file_ref idref="fl-11"/>
      </object_component>
      <object_component id="oc-53c">
         <name>.text:_pconv_g</name>
         <load_address>0x1001fe0</load_address>
         <run_address>0x1001fe0</run_address>
         <size>0x1cc</size>
         <input_file_ref idref="fl-eb"/>
      </object_component>
      <object_component id="oc-793">
         <name>.text</name>
         <load_address>0x10021ac</load_address>
         <run_address>0x10021ac</run_address>
         <size>0x1b6</size>
         <input_file_ref idref="fl-ed"/>
      </object_component>
      <object_component id="oc-2e2">
         <name>.text:I2C_init</name>
         <load_address>0x1002362</load_address>
         <run_address>0x1002362</run_address>
         <size>0x2</size>
         <input_file_ref idref="fl-e"/>
      </object_component>
      <object_component id="oc-379">
         <name>.text:PowerCC32XX_sleepPolicy</name>
         <load_address>0x1002364</load_address>
         <run_address>0x1002364</run_address>
         <size>0x19c</size>
         <input_file_ref idref="fl-1d"/>
      </object_component>
      <object_component id="oc-40e">
         <name>.text:I2CCC32XX_hwiFxn</name>
         <load_address>0x1002500</load_address>
         <run_address>0x1002500</run_address>
         <size>0x148</size>
         <input_file_ref idref="fl-12"/>
      </object_component>
      <object_component id="oc-6aa">
         <name>.text:parkPins</name>
         <load_address>0x1002648</load_address>
         <run_address>0x1002648</run_address>
         <size>0x148</size>
         <input_file_ref idref="fl-13"/>
      </object_component>
      <object_component id="oc-548">
         <name>.text:_pconv_e</name>
         <load_address>0x1002790</load_address>
         <run_address>0x1002790</run_address>
         <size>0x13c</size>
         <input_file_ref idref="fl-eb"/>
      </object_component>
      <object_component id="oc-4e5">
         <name>.text:Power_sleep</name>
         <load_address>0x10028cc</load_address>
         <run_address>0x10028cc</run_address>
         <size>0x138</size>
         <input_file_ref idref="fl-13"/>
      </object_component>
      <object_component id="oc-779">
         <name>.text</name>
         <load_address>0x1002a04</load_address>
         <run_address>0x1002a04</run_address>
         <size>0x136</size>
         <input_file_ref idref="fl-ef"/>
      </object_component>
      <object_component id="oc-373">
         <name>.text:PowerCC32XX_initPolicy</name>
         <load_address>0x1002b3a</load_address>
         <run_address>0x1002b3a</run_address>
         <size>0x2</size>
         <input_file_ref idref="fl-1d"/>
      </object_component>
      <object_component id="oc-74e">
         <name>.text:TimerCC32XX_open</name>
         <load_address>0x1002b3c</load_address>
         <run_address>0x1002b3c</run_address>
         <size>0x128</size>
         <input_file_ref idref="fl-15"/>
      </object_component>
      <object_component id="oc-41c">
         <name>.text:I2C_transferTimeout</name>
         <load_address>0x1002c64</load_address>
         <run_address>0x1002c64</run_address>
         <size>0x122</size>
         <input_file_ref idref="fl-e"/>
      </object_component>
      <object_component id="oc-748">
         <name>.text:TimerCC32XX_init</name>
         <load_address>0x1002d86</load_address>
         <run_address>0x1002d86</run_address>
         <size>0x2</size>
         <input_file_ref idref="fl-15"/>
      </object_component>
      <object_component id="oc-6f2">
         <name>.text:UARTCC32XX_close</name>
         <load_address>0x1002d88</load_address>
         <run_address>0x1002d88</run_address>
         <size>0x120</size>
         <input_file_ref idref="fl-16"/>
      </object_component>
      <object_component id="oc-7a5">
         <name>.text:fcvt</name>
         <load_address>0x1002ea8</load_address>
         <run_address>0x1002ea8</run_address>
         <size>0x120</size>
         <input_file_ref idref="fl-eb"/>
      </object_component>
      <object_component id="oc-329">
         <name>.text:readTemp</name>
         <load_address>0x1002fc8</load_address>
         <run_address>0x1002fc8</run_address>
         <size>0x120</size>
         <input_file_ref idref="fl-2"/>
      </object_component>
      <object_component id="oc-869">
         <name>.text:aligned_alloc</name>
         <load_address>0x10030e8</load_address>
         <run_address>0x10030e8</run_address>
         <size>0x100</size>
         <input_file_ref idref="fl-e9"/>
      </object_component>
      <object_component id="oc-2ee">
         <name>.text:I2C_open</name>
         <load_address>0x10031e8</load_address>
         <run_address>0x10031e8</run_address>
         <size>0xfc</size>
         <input_file_ref idref="fl-12"/>
      </object_component>
      <object_component id="oc-774">
         <name>.text</name>
         <load_address>0x10032e4</load_address>
         <run_address>0x10032e4</run_address>
         <size>0xfc</size>
         <input_file_ref idref="fl-f0"/>
      </object_component>
      <object_component id="oc-6f8">
         <name>.text:UARTCC32XX_control</name>
         <load_address>0x10033e0</load_address>
         <run_address>0x10033e0</run_address>
         <size>0xf2</size>
         <input_file_ref idref="fl-16"/>
      </object_component>
      <object_component id="oc-6fe">
         <name>.text:UARTCC32XX_init</name>
         <load_address>0x10034d2</load_address>
         <run_address>0x10034d2</run_address>
         <size>0x2</size>
         <input_file_ref idref="fl-16"/>
      </object_component>
      <object_component id="oc-612">
         <name>.text:free</name>
         <load_address>0x10034d4</load_address>
         <run_address>0x10034d4</run_address>
         <size>0xe4</size>
         <input_file_ref idref="fl-e9"/>
      </object_component>
      <object_component id="oc-7b9">
         <name>.text:scalbn</name>
         <load_address>0x10035b8</load_address>
         <run_address>0x10035b8</run_address>
         <size>0xd0</size>
         <input_file_ref idref="fl-103"/>
      </object_component>
      <object_component id="oc-71c">
         <name>.text:UARTCC32XX_write</name>
         <load_address>0x1003688</load_address>
         <run_address>0x1003688</run_address>
         <size>0xca</size>
         <input_file_ref idref="fl-16"/>
      </object_component>
      <object_component id="oc-33b">
         <name>.text:_nop</name>
         <load_address>0x1003752</load_address>
         <run_address>0x1003752</run_address>
         <size>0x2</size>
         <input_file_ref idref="fl-f8"/>
      </object_component>
      <object_component id="oc-303">
         <name>.text:GPIO_init</name>
         <load_address>0x1003754</load_address>
         <run_address>0x1003754</run_address>
         <size>0xc4</size>
         <input_file_ref idref="fl-11"/>
      </object_component>
      <object_component id="oc-6c7">
         <name>.text:restoreParkedPins</name>
         <load_address>0x1003818</load_address>
         <run_address>0x1003818</run_address>
         <size>0xc0</size>
         <input_file_ref idref="fl-13"/>
      </object_component>
      <object_component id="oc-710">
         <name>.text:UARTCC32XX_readPolling</name>
         <load_address>0x10038d8</load_address>
         <run_address>0x10038d8</run_address>
         <size>0xba</size>
         <input_file_ref idref="fl-16"/>
      </object_component>
      <object_component id="oc-74">
         <name>.text:busFaultHandler</name>
         <load_address>0x1003992</load_address>
         <run_address>0x1003992</run_address>
         <size>0x2</size>
         <input_file_ref idref="fl-1e"/>
      </object_component>
      <object_component id="oc-910">
         <name>.text:initHw</name>
         <load_address>0x1003994</load_address>
         <run_address>0x1003994</run_address>
         <size>0xb8</size>
         <input_file_ref idref="fl-16"/>
      </object_component>
      <object_component id="oc-a4e">
         <name>.text:readTaskCallback</name>
         <load_address>0x1003a4c</load_address>
         <run_address>0x1003a4c</run_address>
         <size>0xb6</size>
         <input_file_ref idref="fl-16"/>
      </object_component>
      <object_component id="oc-5d7">
         <name>.text:I2CCC32XX_completeTransfer</name>
         <load_address>0x1003b02</load_address>
         <run_address>0x1003b02</run_address>
         <size>0xb2</size>
         <input_file_ref idref="fl-12"/>
      </object_component>
      <object_component id="oc-531">
         <name>.text:_ltostr</name>
         <load_address>0x1003bb4</load_address>
         <run_address>0x1003bb4</run_address>
         <size>0xb1</size>
         <input_file_ref idref="fl-eb"/>
      </object_component>
      <object_component id="oc-a3c">
         <name>.text:readTaskBlocking</name>
         <load_address>0x1003c66</load_address>
         <run_address>0x1003c66</run_address>
         <size>0xb0</size>
         <input_file_ref idref="fl-16"/>
      </object_component>
      <object_component id="oc-a42">
         <name>.text:readIsrTextBlocking</name>
         <load_address>0x1003d16</load_address>
         <run_address>0x1003d16</run_address>
         <size>0xae</size>
         <input_file_ref idref="fl-16"/>
      </object_component>
      <object_component id="oc-5c5">
         <name>.text:I2CCC32XX_primeWriteBurst</name>
         <load_address>0x1003dc4</load_address>
         <run_address>0x1003dc4</run_address>
         <size>0xa8</size>
         <input_file_ref idref="fl-12"/>
      </object_component>
      <object_component id="oc-b6">
         <name>.text:IntEnable</name>
         <load_address>0x1003e6c</load_address>
         <run_address>0x1003e6c</run_address>
         <size>0xa8</size>
         <input_file_ref idref="fl-23"/>
      </object_component>
      <object_component id="oc-294">
         <name>.text:PowerCC32XX_configureWakeup</name>
         <load_address>0x1003f14</load_address>
         <run_address>0x1003f14</run_address>
         <size>0xa8</size>
         <input_file_ref idref="fl-13"/>
      </object_component>
      <object_component id="oc-160">
         <name>.text:mainThread</name>
         <load_address>0x1003fbc</load_address>
         <run_address>0x1003fbc</run_address>
         <size>0xa8</size>
         <input_file_ref idref="fl-2"/>
      </object_component>
      <object_component id="oc-a54">
         <name>.text:readIsrTextCallback</name>
         <load_address>0x1004064</load_address>
         <run_address>0x1004064</run_address>
         <size>0xa2</size>
         <input_file_ref idref="fl-16"/>
      </object_component>
      <object_component id="oc-947">
         <name>.text:writeData</name>
         <load_address>0x1004106</load_address>
         <run_address>0x1004106</run_address>
         <size>0xa2</size>
         <input_file_ref idref="fl-16"/>
      </object_component>
      <object_component id="oc-432">
         <name>.text:SemaphoreP_pend</name>
         <load_address>0x10041a8</load_address>
         <run_address>0x10041a8</run_address>
         <size>0xa0</size>
         <input_file_ref idref="fl-1a"/>
      </object_component>
      <object_component id="oc-3fc">
         <name>.text:I2CCC32XX_initHw</name>
         <load_address>0x1004248</load_address>
         <run_address>0x1004248</run_address>
         <size>0x9c</size>
         <input_file_ref idref="fl-12"/>
      </object_component>
      <object_component id="oc-3c">
         <name>.text</name>
         <load_address>0x10042e4</load_address>
         <run_address>0x10042e4</run_address>
         <size>0x9c</size>
         <input_file_ref idref="fl-e4"/>
      </object_component>
      <object_component id="oc-448">
         <name>.text:powerNotifyFxn</name>
         <load_address>0x1004380</load_address>
         <run_address>0x1004380</run_address>
         <size>0x98</size>
         <input_file_ref idref="fl-11"/>
      </object_component>
      <object_component id="oc-4e0">
         <name>.text</name>
         <load_address>0x1004418</load_address>
         <run_address>0x1004418</run_address>
         <size>0x96</size>
         <input_file_ref idref="fl-e5"/>
      </object_component>
      <object_component id="oc-637">
         <name>.text:clkFxn</name>
         <load_address>0x10044ae</load_address>
         <run_address>0x10044ae</run_address>
         <size>0x2</size>
         <input_file_ref idref="fl-1a"/>
      </object_component>
      <object_component id="oc-6bb">
         <name>.text:restoreNVICRegs</name>
         <load_address>0x10044b0</load_address>
         <run_address>0x10044b0</run_address>
         <size>0x90</size>
         <input_file_ref idref="fl-13"/>
      </object_component>
      <object_component id="oc-3f0">
         <name>.text:HwiP_construct</name>
         <load_address>0x1004540</load_address>
         <run_address>0x1004540</run_address>
         <size>0x8c</size>
         <input_file_ref idref="fl-1c"/>
      </object_component>
      <object_component id="oc-8bc">
         <name>.text:IntPendSet</name>
         <load_address>0x10045cc</load_address>
         <run_address>0x10045cc</run_address>
         <size>0x88</size>
         <input_file_ref idref="fl-23"/>
      </object_component>
      <object_component id="oc-452">
         <name>.text:PinConfigSet</name>
         <load_address>0x1004654</load_address>
         <run_address>0x1004654</run_address>
         <size>0x88</size>
         <input_file_ref idref="fl-24"/>
      </object_component>
      <object_component id="oc-754">
         <name>.text:TimerCC32XX_setPeriod</name>
         <load_address>0x10046dc</load_address>
         <run_address>0x10046dc</run_address>
         <size>0x88</size>
         <input_file_ref idref="fl-15"/>
      </object_component>
      <object_component id="oc-537">
         <name>.text:__aeabi_cdcmple</name>
         <load_address>0x1004764</load_address>
         <run_address>0x1004764</run_address>
         <size>0x86</size>
         <input_file_ref idref="fl-ee"/>
      </object_component>
      <object_component id="oc-77e">
         <name>.text:__aeabi_cdrcmple</name>
         <load_address>0x10047ea</load_address>
         <run_address>0x10047ea</run_address>
         <size>0x86</size>
         <input_file_ref idref="fl-ee"/>
      </object_component>
      <object_component id="oc-1d5">
         <name>.text:Power_init</name>
         <load_address>0x1004870</load_address>
         <run_address>0x1004870</run_address>
         <size>0x84</size>
         <input_file_ref idref="fl-13"/>
      </object_component>
      <object_component id="oc-6b0">
         <name>.text:saveNVICRegs</name>
         <load_address>0x10048f4</load_address>
         <run_address>0x10048f4</run_address>
         <size>0x84</size>
         <input_file_ref idref="fl-13"/>
      </object_component>
      <object_component id="oc-3d8">
         <name>.text:Power_setDependency</name>
         <load_address>0x1004978</load_address>
         <run_address>0x1004978</run_address>
         <size>0x80</size>
         <input_file_ref idref="fl-13"/>
      </object_component>
      <object_component id="oc-a36">
         <name>.text:readIsrBinaryBlocking</name>
         <load_address>0x10049f8</load_address>
         <run_address>0x10049f8</run_address>
         <size>0x7c</size>
         <input_file_ref idref="fl-16"/>
      </object_component>
      <object_component id="oc-5bf">
         <name>.text:I2CCC32XX_primeReadBurst</name>
         <load_address>0x1004a74</load_address>
         <run_address>0x1004a74</run_address>
         <size>0x7a</size>
         <input_file_ref idref="fl-12"/>
      </object_component>
      <object_component id="oc-487">
         <name>.text</name>
         <load_address>0x1004aee</load_address>
         <run_address>0x1004aee</run_address>
         <size>0x7a</size>
         <input_file_ref idref="fl-e0"/>
      </object_component>
      <object_component id="oc-9e">
         <name>.text</name>
         <load_address>0x1004b68</load_address>
         <run_address>0x1004b68</run_address>
         <size>0x7a</size>
         <input_file_ref idref="fl-f3"/>
      </object_component>
      <object_component id="oc-6e">
         <name>.text:defaultHandler</name>
         <load_address>0x1004be2</load_address>
         <run_address>0x1004be2</run_address>
         <size>0x2</size>
         <input_file_ref idref="fl-1e"/>
      </object_component>
      <object_component id="oc-470">
         <name>.text:GPIO_hwiIntFxn</name>
         <load_address>0x1004be4</load_address>
         <run_address>0x1004be4</run_address>
         <size>0x78</size>
         <input_file_ref idref="fl-11"/>
      </object_component>
      <object_component id="oc-75a">
         <name>.text:TimerCC32XX_start</name>
         <load_address>0x1004c5c</load_address>
         <run_address>0x1004c5c</run_address>
         <size>0x78</size>
         <input_file_ref idref="fl-15"/>
      </object_component>
      <object_component id="oc-a48">
         <name>.text:readIsrBinaryCallback</name>
         <load_address>0x1004cd4</load_address>
         <run_address>0x1004cd4</run_address>
         <size>0x78</size>
         <input_file_ref idref="fl-16"/>
      </object_component>
      <object_component id="oc-91f">
         <name>.text:UARTCC32XX_hwiIntFxn</name>
         <load_address>0x1004d4c</load_address>
         <run_address>0x1004d4c</run_address>
         <size>0x74</size>
         <input_file_ref idref="fl-16"/>
      </object_component>
      <object_component id="oc-9f8">
         <name>.text:split</name>
         <load_address>0x1004dc0</load_address>
         <run_address>0x1004dc0</run_address>
         <size>0x70</size>
         <input_file_ref idref="fl-e9"/>
      </object_component>
      <object_component id="oc-79e">
         <name>.text:_mcpy</name>
         <load_address>0x1004e30</load_address>
         <run_address>0x1004e30</run_address>
         <size>0x6e</size>
         <input_file_ref idref="fl-eb"/>
      </object_component>
      <object_component id="oc-5f2">
         <name>.text:I2CSupport_primeTransfer</name>
         <load_address>0x1004e9e</load_address>
         <run_address>0x1004e9e</run_address>
         <size>0x6a</size>
         <input_file_ref idref="fl-12"/>
      </object_component>
      <object_component id="oc-15">
         <name>.text:decompress:lzss:__TI_decompress_lzss</name>
         <load_address>0x1004f08</load_address>
         <run_address>0x1004f08</run_address>
         <size>0x68</size>
         <input_file_ref idref="fl-e8"/>
      </object_component>
      <object_component id="oc-728">
         <name>.text:UARTCC32XX_writeCancel</name>
         <load_address>0x1004f70</load_address>
         <run_address>0x1004f70</run_address>
         <size>0x66</size>
         <input_file_ref idref="fl-16"/>
      </object_component>
      <object_component id="oc-68">
         <name>.text:faultISR</name>
         <load_address>0x1004fd6</load_address>
         <run_address>0x1004fd6</run_address>
         <size>0x2</size>
         <input_file_ref idref="fl-1e"/>
      </object_component>
      <object_component id="oc-65a">
         <name>.text:PowerCC32XX_setParkState</name>
         <load_address>0x1004fd8</load_address>
         <run_address>0x1004fd8</run_address>
         <size>0x64</size>
         <input_file_ref idref="fl-13"/>
      </object_component>
      <object_component id="oc-722">
         <name>.text:UARTCC32XX_writePolling</name>
         <load_address>0x100503c</load_address>
         <run_address>0x100503c</run_address>
         <size>0x62</size>
         <input_file_ref idref="fl-16"/>
      </object_component>
      <object_component id="oc-62">
         <name>.text:nmiISR</name>
         <load_address>0x100509e</load_address>
         <run_address>0x100509e</run_address>
         <size>0x2</size>
         <input_file_ref idref="fl-1e"/>
      </object_component>
      <object_component id="oc-262">
         <name>.text:PRCMSysResetCauseGet</name>
         <load_address>0x10050a0</load_address>
         <run_address>0x10050a0</run_address>
         <size>0x60</size>
         <input_file_ref idref="fl-25"/>
      </object_component>
      <object_component id="oc-1fb">
         <name>.text:sendInfoToUART</name>
         <load_address>0x1005100</load_address>
         <run_address>0x1005100</run_address>
         <size>0x60</size>
         <input_file_ref idref="fl-2"/>
      </object_component>
      <object_component id="oc-30f">
         <name>.text:GPIO_setCallback</name>
         <load_address>0x1005160</load_address>
         <run_address>0x1005160</run_address>
         <size>0x5c</size>
         <input_file_ref idref="fl-11"/>
      </object_component>
      <object_component id="oc-7b3">
         <name>.text:frexp</name>
         <load_address>0x10051bc</load_address>
         <run_address>0x10051bc</run_address>
         <size>0x5c</size>
         <input_file_ref idref="fl-102"/>
      </object_component>
      <object_component id="oc-87c">
         <name>.text:sysTickInit</name>
         <load_address>0x1005218</load_address>
         <run_address>0x1005218</run_address>
         <size>0x5c</size>
         <input_file_ref idref="fl-1b"/>
      </object_component>
      <object_component id="oc-32f">
         <name>.text:GPIO_write</name>
         <load_address>0x1005274</load_address>
         <run_address>0x1005274</run_address>
         <size>0x58</size>
         <input_file_ref idref="fl-11"/>
      </object_component>
      <object_component id="oc-27b">
         <name>.text:PRCMPeripheralReset</name>
         <load_address>0x10052cc</load_address>
         <run_address>0x10052cc</run_address>
         <size>0x58</size>
         <input_file_ref idref="fl-25"/>
      </object_component>
      <object_component id="oc-8d7">
         <name>.text:Power_releaseDependency</name>
         <load_address>0x1005324</load_address>
         <run_address>0x1005324</run_address>
         <size>0x58</size>
         <input_file_ref idref="fl-13"/>
      </object_component>
      <object_component id="oc-760">
         <name>.text:TimerCC32XX_stop</name>
         <load_address>0x100537c</load_address>
         <run_address>0x100537c</run_address>
         <size>0x56</size>
         <input_file_ref idref="fl-15"/>
      </object_component>
      <object_component id="oc-542">
         <name>.text:_pconv_f</name>
         <load_address>0x10053d2</load_address>
         <run_address>0x10053d2</run_address>
         <size>0x56</size>
         <input_file_ref idref="fl-eb"/>
      </object_component>
      <object_component id="oc-788">
         <name>.text:__TI_ltoa</name>
         <load_address>0x1005428</load_address>
         <run_address>0x1005428</run_address>
         <size>0x54</size>
         <input_file_ref idref="fl-f9"/>
      </object_component>
      <object_component id="oc-1e9">
         <name>.text:initTimer</name>
         <load_address>0x100547c</load_address>
         <run_address>0x100547c</run_address>
         <size>0x54</size>
         <input_file_ref idref="fl-2"/>
      </object_component>
      <object_component id="oc-ac7">
         <name>.text:ringBufGet</name>
         <load_address>0x10054d0</load_address>
         <run_address>0x10054d0</run_address>
         <size>0x54</size>
         <input_file_ref idref="fl-16"/>
      </object_component>
      <object_component id="oc-899">
         <name>.text:PowerCC32XX_resumeLPDS</name>
         <load_address>0x1005524</load_address>
         <run_address>0x1005524</run_address>
         <size>0x52</size>
         <input_file_ref idref="fl-14"/>
      </object_component>
      <object_component id="oc-798">
         <name>.text:_ecpy</name>
         <load_address>0x1005576</load_address>
         <run_address>0x1005576</run_address>
         <size>0x52</size>
         <input_file_ref idref="fl-eb"/>
      </object_component>
      <object_component id="oc-96a">
         <name>.text:initHw</name>
         <load_address>0x10055c8</load_address>
         <run_address>0x10055c8</run_address>
         <size>0x52</size>
         <input_file_ref idref="fl-15"/>
      </object_component>
      <object_component id="oc-69e">
         <name>.text</name>
         <load_address>0x100561a</load_address>
         <run_address>0x100561a</run_address>
         <size>0x2</size>
         <input_file_ref idref="fl-ec"/>
      </object_component>
      <object_component id="oc-7a">
         <name>.text:ClockP_sysTickHandler</name>
         <load_address>0x100561c</load_address>
         <run_address>0x100561c</run_address>
         <size>0x50</size>
         <input_file_ref idref="fl-1b"/>
      </object_component>
      <object_component id="oc-595">
         <name>.text:SemaphoreP_construct</name>
         <load_address>0x100566c</load_address>
         <run_address>0x100566c</run_address>
         <size>0x50</size>
         <input_file_ref idref="fl-1a"/>
      </object_component>
      <object_component id="oc-95e">
         <name>.text:TimerCC32XX_allocateTimerResource</name>
         <load_address>0x10056bc</load_address>
         <run_address>0x10056bc</run_address>
         <size>0x50</size>
         <input_file_ref idref="fl-15"/>
      </object_component>
      <object_component id="oc-315">
         <name>.text:GPIO_enableInt</name>
         <load_address>0x100570c</load_address>
         <run_address>0x100570c</run_address>
         <size>0x4c</size>
         <input_file_ref idref="fl-11"/>
      </object_component>
      <object_component id="oc-5b3">
         <name>.text:I2CCC32XX_readRecieveFifo</name>
         <load_address>0x1005758</load_address>
         <run_address>0x1005758</run_address>
         <size>0x4c</size>
         <input_file_ref idref="fl-12"/>
      </object_component>
      <object_component id="oc-890">
         <name>.text:PowerCC32XX_parkPin</name>
         <load_address>0x10057a4</load_address>
         <run_address>0x10057a4</run_address>
         <size>0x4c</size>
         <input_file_ref idref="fl-13"/>
      </object_component>
      <object_component id="oc-52b">
         <name>.text:atoi</name>
         <load_address>0x10057f0</load_address>
         <run_address>0x10057f0</run_address>
         <size>0x4c</size>
         <input_file_ref idref="fl-fb"/>
      </object_component>
      <object_component id="oc-6c1">
         <name>.text:restorePeriphClocks</name>
         <load_address>0x100583c</load_address>
         <run_address>0x100583c</run_address>
         <size>0x4c</size>
         <input_file_ref idref="fl-13"/>
      </object_component>
      <object_component id="oc-2d6">
         <name>.text:snprintf</name>
         <load_address>0x1005888</load_address>
         <run_address>0x1005888</run_address>
         <size>0x4c</size>
         <input_file_ref idref="fl-df"/>
      </object_component>
      <object_component id="oc-8b4">
         <name>.text:FlashDisable</name>
         <load_address>0x10058d4</load_address>
         <run_address>0x10058d4</run_address>
         <size>0x48</size>
         <input_file_ref idref="fl-29"/>
      </object_component>
      <object_component id="oc-6cd">
         <name>.text:PRCMLPDSEnter</name>
         <load_address>0x100591c</load_address>
         <run_address>0x100591c</run_address>
         <size>0x48</size>
         <input_file_ref idref="fl-25"/>
      </object_component>
      <object_component id="oc-275">
         <name>.text:PRCMPeripheralClkEnable</name>
         <load_address>0x1005964</load_address>
         <run_address>0x1005964</run_address>
         <size>0x48</size>
         <input_file_ref idref="fl-25"/>
      </object_component>
      <object_component id="oc-81b">
         <name>.text:Power_releaseConstraint</name>
         <load_address>0x10059ac</load_address>
         <run_address>0x10059ac</run_address>
         <size>0x48</size>
         <input_file_ref idref="fl-13"/>
      </object_component>
      <object_component id="oc-1f5">
         <name>.text:initGPIO</name>
         <load_address>0x10059f4</load_address>
         <run_address>0x10059f4</run_address>
         <size>0x48</size>
         <input_file_ref idref="fl-2"/>
      </object_component>
      <object_component id="oc-783">
         <name>.text</name>
         <load_address>0x1005a3c</load_address>
         <run_address>0x1005a3c</run_address>
         <size>0x48</size>
         <input_file_ref idref="fl-f1"/>
      </object_component>
      <object_component id="oc-ab4">
         <name>.text:RingBuf_put</name>
         <load_address>0x1005a84</load_address>
         <run_address>0x1005a84</run_address>
         <size>0x46</size>
         <input_file_ref idref="fl-18"/>
      </object_component>
      <object_component id="oc-964">
         <name>.text:getPrescaler</name>
         <load_address>0x1005aca</load_address>
         <run_address>0x1005aca</run_address>
         <size>0x46</size>
         <input_file_ref idref="fl-15"/>
      </object_component>
      <object_component id="oc-855">
         <name>.text:ClockP_stop</name>
         <load_address>0x1005b10</load_address>
         <run_address>0x1005b10</run_address>
         <size>0x44</size>
         <input_file_ref idref="fl-1b"/>
      </object_component>
      <object_component id="oc-89e">
         <name>.text:PRCMLPDSRestoreInfoSet</name>
         <load_address>0x1005b54</load_address>
         <run_address>0x1005b54</run_address>
         <size>0x44</size>
         <input_file_ref idref="fl-25"/>
      </object_component>
      <object_component id="oc-6b6">
         <name>.text:PowerCC32XX_enterLPDS</name>
         <load_address>0x1005b98</load_address>
         <run_address>0x1005b98</run_address>
         <size>0x44</size>
         <input_file_ref idref="fl-14"/>
      </object_component>
      <object_component id="oc-438">
         <name>.text:SemaphoreP_post</name>
         <load_address>0x1005bdc</load_address>
         <run_address>0x1005bdc</run_address>
         <size>0x44</size>
         <input_file_ref idref="fl-1a"/>
      </object_component>
      <object_component id="oc-4f6">
         <name>.text:SwiP_restore</name>
         <load_address>0x1005c20</load_address>
         <run_address>0x1005c20</run_address>
         <size>0x44</size>
         <input_file_ref idref="fl-1f"/>
      </object_component>
      <object_component id="oc-2b6">
         <name>.text:Timer_init</name>
         <load_address>0x1005c64</load_address>
         <run_address>0x1005c64</run_address>
         <size>0x44</size>
         <input_file_ref idref="fl-f"/>
      </object_component>
      <object_component id="oc-2a2">
         <name>.text:UART_init</name>
         <load_address>0x1005ca8</load_address>
         <run_address>0x1005ca8</run_address>
         <size>0x44</size>
         <input_file_ref idref="fl-10"/>
      </object_component>
      <object_component id="oc-173">
         <name>.text:__TI_auto_init_nobinit_nopinit:__TI_auto_init_nobinit_nopinit</name>
         <load_address>0x1005cec</load_address>
         <run_address>0x1005cec</run_address>
         <size>0x44</size>
         <input_file_ref idref="fl-f4"/>
      </object_component>
      <object_component id="oc-201">
         <name>.text:checkTempAndIfHeatOn</name>
         <load_address>0x1005d30</load_address>
         <run_address>0x1005d30</run_address>
         <size>0x44</size>
         <input_file_ref idref="fl-2"/>
      </object_component>
      <object_component id="oc-1e3">
         <name>.text:initUART</name>
         <load_address>0x1005d74</load_address>
         <run_address>0x1005d74</run_address>
         <size>0x44</size>
         <input_file_ref idref="fl-2"/>
      </object_component>
      <object_component id="oc-a25">
         <name>.text:ClockP_construct</name>
         <load_address>0x1005db8</load_address>
         <run_address>0x1005db8</run_address>
         <size>0x40</size>
         <input_file_ref idref="fl-1b"/>
      </object_component>
      <object_component id="oc-28d">
         <name>.text:PinModeSet</name>
         <load_address>0x1005df8</load_address>
         <run_address>0x1005df8</run_address>
         <size>0x40</size>
         <input_file_ref idref="fl-24"/>
      </object_component>
      <object_component id="oc-939">
         <name>.text:RingBuf_get</name>
         <load_address>0x1005e38</load_address>
         <run_address>0x1005e38</run_address>
         <size>0x40</size>
         <input_file_ref idref="fl-18"/>
      </object_component>
      <object_component id="oc-2c2">
         <name>.text:Timer_open</name>
         <load_address>0x1005e78</load_address>
         <run_address>0x1005e78</run_address>
         <size>0x40</size>
         <input_file_ref idref="fl-f"/>
      </object_component>
      <object_component id="oc-70a">
         <name>.text:UARTCC32XX_read</name>
         <load_address>0x1005eb8</load_address>
         <run_address>0x1005eb8</run_address>
         <size>0x40</size>
         <input_file_ref idref="fl-16"/>
      </object_component>
      <object_component id="oc-2ae">
         <name>.text:UART_open</name>
         <load_address>0x1005ef8</load_address>
         <run_address>0x1005ef8</run_address>
         <size>0x40</size>
         <input_file_ref idref="fl-10"/>
      </object_component>
      <object_component id="oc-7ab">
         <name>.text:_fcpy</name>
         <load_address>0x1005f38</load_address>
         <run_address>0x1005f38</run_address>
         <size>0x3e</size>
         <input_file_ref idref="fl-eb"/>
      </object_component>
      <object_component id="oc-631">
         <name>.text:ClockP_destruct</name>
         <load_address>0x1005f78</load_address>
         <run_address>0x1005f78</run_address>
         <size>0x3c</size>
         <input_file_ref idref="fl-1b"/>
      </object_component>
      <object_component id="oc-822">
         <name>.text:Power_setConstraint</name>
         <load_address>0x1005fb4</load_address>
         <run_address>0x1005fb4</run_address>
         <size>0x3c</size>
         <input_file_ref idref="fl-13"/>
      </object_component>
      <object_component id="oc-736">
         <name>.text:TimerCC32XX_close</name>
         <load_address>0x1005ff0</load_address>
         <run_address>0x1005ff0</run_address>
         <size>0x3a</size>
         <input_file_ref idref="fl-15"/>
      </object_component>
      <object_component id="oc-4da">
         <name>.text:getCountsRTC</name>
         <load_address>0x100602a</load_address>
         <run_address>0x100602a</run_address>
         <size>0x3a</size>
         <input_file_ref idref="fl-1d"/>
      </object_component>
      <object_component id="oc-6d3">
         <name>.text:PRCMLPDSEnterKeepDebugIf</name>
         <load_address>0x1006064</load_address>
         <run_address>0x1006064</run_address>
         <size>0x38</size>
         <input_file_ref idref="fl-25"/>
      </object_component>
      <object_component id="oc-976">
         <name>.text:TimerCC32XX_hwiIntFunction</name>
         <load_address>0x100609c</load_address>
         <run_address>0x100609c</run_address>
         <size>0x38</size>
         <input_file_ref idref="fl-15"/>
      </object_component>
      <object_component id="oc-dc">
         <name>.text:addToList</name>
         <load_address>0x10060d4</load_address>
         <run_address>0x10060d4</run_address>
         <size>0x38</size>
         <input_file_ref idref="fl-1b"/>
      </object_component>
      <object_component id="oc-207">
         <name>.text:checkButtonFlags</name>
         <load_address>0x100610c</load_address>
         <run_address>0x100610c</run_address>
         <size>0x38</size>
         <input_file_ref idref="fl-2"/>
      </object_component>
      <object_component id="oc-5a">
         <name>.text:initVectors</name>
         <load_address>0x1006144</load_address>
         <run_address>0x1006144</run_address>
         <size>0x38</size>
         <input_file_ref idref="fl-1e"/>
      </object_component>
      <object_component id="oc-6a4">
         <name>.text:notify</name>
         <load_address>0x100617c</load_address>
         <run_address>0x100617c</run_address>
         <size>0x38</size>
         <input_file_ref idref="fl-13"/>
      </object_component>
      <object_component id="oc-48c">
         <name>.text</name>
         <load_address>0x10061b4</load_address>
         <run_address>0x10061b4</run_address>
         <size>0x38</size>
         <input_file_ref idref="fl-e1"/>
      </object_component>
      <object_component id="oc-482">
         <name>.text</name>
         <load_address>0x10061ec</load_address>
         <run_address>0x10061ec</run_address>
         <size>0x38</size>
         <input_file_ref idref="fl-e2"/>
      </object_component>
      <object_component id="oc-a7c">
         <name>.text:TimerControlStall</name>
         <load_address>0x1006224</load_address>
         <run_address>0x1006224</run_address>
         <size>0x36</size>
         <input_file_ref idref="fl-26"/>
      </object_component>
      <object_component id="oc-716">
         <name>.text:UARTCC32XX_readCancel</name>
         <load_address>0x100625a</load_address>
         <run_address>0x100625a</run_address>
         <size>0x36</size>
         <input_file_ref idref="fl-16"/>
      </object_component>
      <object_component id="oc-4c8">
         <name>.text:ClockP_getTicksUntilInterrupt</name>
         <load_address>0x1006290</load_address>
         <run_address>0x1006290</run_address>
         <size>0x34</size>
         <input_file_ref idref="fl-1b"/>
      </object_component>
      <object_component id="oc-695">
         <name>.text:ClockP_startup</name>
         <load_address>0x10062c4</load_address>
         <run_address>0x10062c4</run_address>
         <size>0x34</size>
         <input_file_ref idref="fl-1b"/>
      </object_component>
      <object_component id="oc-287">
         <name>.text:PinModeGet</name>
         <load_address>0x10062f8</load_address>
         <run_address>0x10062f8</run_address>
         <size>0x34</size>
         <input_file_ref idref="fl-24"/>
      </object_component>
      <object_component id="oc-8dd">
         <name>.text:PowerCC32XX_restoreParkState</name>
         <load_address>0x100632c</load_address>
         <run_address>0x100632c</run_address>
         <size>0x34</size>
         <input_file_ref idref="fl-13"/>
      </object_component>
      <object_component id="oc-954">
         <name>.text:TimerCC32XX_freeTimerResource</name>
         <load_address>0x1006360</load_address>
         <run_address>0x1006360</run_address>
         <size>0x34</size>
         <input_file_ref idref="fl-15"/>
      </object_component>
      <object_component id="oc-a70">
         <name>.text:getPowerMgrId</name>
         <load_address>0x1006394</load_address>
         <run_address>0x1006394</run_address>
         <size>0x34</size>
         <input_file_ref idref="fl-15"/>
      </object_component>
      <object_component id="oc-61f">
         <name>.text:ClockP_start</name>
         <load_address>0x10063c8</load_address>
         <run_address>0x10063c8</run_address>
         <size>0x30</size>
         <input_file_ref idref="fl-1b"/>
      </object_component>
      <object_component id="oc-8ad">
         <name>.text:PowerCC32XX_restoreParkedPin</name>
         <load_address>0x10063f8</load_address>
         <run_address>0x10063f8</run_address>
         <size>0x30</size>
         <input_file_ref idref="fl-13"/>
      </object_component>
      <object_component id="oc-3b5">
         <name>.text:_outs</name>
         <load_address>0x1006428</load_address>
         <run_address>0x1006428</run_address>
         <size>0x30</size>
         <input_file_ref idref="fl-df"/>
      </object_component>
      <object_component id="oc-78e">
         <name>.text</name>
         <load_address>0x1006458</load_address>
         <run_address>0x1006458</run_address>
         <size>0x2e</size>
         <input_file_ref idref="fl-f2"/>
      </object_component>
      <object_component id="oc-8fe">
         <name>.text:PowerCC32XX_getParkState</name>
         <load_address>0x1006488</load_address>
         <run_address>0x1006488</run_address>
         <size>0x2c</size>
         <input_file_ref idref="fl-13"/>
      </object_component>
      <object_component id="oc-458">
         <name>.text:HwiP_create</name>
         <load_address>0x10064b4</load_address>
         <run_address>0x10064b4</run_address>
         <size>0x2a</size>
         <input_file_ref idref="fl-1c"/>
      </object_component>
      <object_component id="oc-983">
         <name>.text:TimerLoadSet</name>
         <load_address>0x10064de</load_address>
         <run_address>0x10064de</run_address>
         <size>0x2a</size>
         <input_file_ref idref="fl-26"/>
      </object_component>
      <object_component id="oc-97d">
         <name>.text:TimerPrescaleSet</name>
         <load_address>0x1006508</load_address>
         <run_address>0x1006508</run_address>
         <size>0x2a</size>
         <input_file_ref idref="fl-26"/>
      </object_component>
      <object_component id="oc-5cb">
         <name>.text:I2CFIFODataPutNonBlocking</name>
         <load_address>0x1006532</load_address>
         <run_address>0x1006532</run_address>
         <size>0x28</size>
         <input_file_ref idref="fl-22"/>
      </object_component>
      <object_component id="oc-281">
         <name>.text:PRCMPeripheralClkDisable</name>
         <load_address>0x100655c</load_address>
         <run_address>0x100655c</run_address>
         <size>0x28</size>
         <input_file_ref idref="fl-25"/>
      </object_component>
      <object_component id="oc-3e4">
         <name>.text:Power_registerNotify</name>
         <load_address>0x1006584</load_address>
         <run_address>0x1006584</run_address>
         <size>0x28</size>
         <input_file_ref idref="fl-13"/>
      </object_component>
      <object_component id="oc-84d">
         <name>.text:free_list_insert</name>
         <load_address>0x10065ac</load_address>
         <run_address>0x10065ac</run_address>
         <size>0x28</size>
         <input_file_ref idref="fl-e9"/>
      </object_component>
      <object_component id="oc-7f7">
         <name>.text:I2CFIFODataGetNonBlocking</name>
         <load_address>0x10065d4</load_address>
         <run_address>0x10065d4</run_address>
         <size>0x26</size>
         <input_file_ref idref="fl-22"/>
      </object_component>
      <object_component id="oc-5fe">
         <name>.text:I2C_cancel</name>
         <load_address>0x10065fa</load_address>
         <run_address>0x10065fa</run_address>
         <size>0x26</size>
         <input_file_ref idref="fl-e"/>
      </object_component>
      <object_component id="oc-57a">
         <name>.text:List_put</name>
         <load_address>0x1006620</load_address>
         <run_address>0x1006620</run_address>
         <size>0x26</size>
         <input_file_ref idref="fl-17"/>
      </object_component>
      <object_component id="oc-a15">
         <name>.text:List_remove</name>
         <load_address>0x1006646</load_address>
         <run_address>0x1006646</run_address>
         <size>0x26</size>
         <input_file_ref idref="fl-17"/>
      </object_component>
      <object_component id="oc-585">
         <name>.text:HwiP_dispatch</name>
         <load_address>0x100666c</load_address>
         <run_address>0x100666c</run_address>
         <size>0x24</size>
         <input_file_ref idref="fl-1c"/>
      </object_component>
      <object_component id="oc-8f8">
         <name>.text:PowerCC32XX_reset</name>
         <load_address>0x1006690</load_address>
         <run_address>0x1006690</run_address>
         <size>0x24</size>
         <input_file_ref idref="fl-13"/>
      </object_component>
      <object_component id="oc-c6">
         <name>.text:_c_int00_noargs:_c_int00_noargs</name>
         <load_address>0x10066b4</load_address>
         <run_address>0x10066b4</run_address>
         <size>0x24</size>
         <input_file_ref idref="fl-ea"/>
      </object_component>
      <object_component id="oc-7ff">
         <name>.text:I2CMasterSlaveAddrSet</name>
         <load_address>0x10066d8</load_address>
         <run_address>0x10066d8</run_address>
         <size>0x22</size>
         <input_file_ref idref="fl-22"/>
      </object_component>
      <object_component id="oc-a0d">
         <name>.text:HwiP_destruct</name>
         <load_address>0x10066fa</load_address>
         <run_address>0x10066fa</run_address>
         <size>0x20</size>
         <input_file_ref idref="fl-1c"/>
      </object_component>
      <object_component id="oc-8d1">
         <name>.text:Power_unregisterNotify</name>
         <load_address>0x100671c</load_address>
         <run_address>0x100671c</run_address>
         <size>0x20</size>
         <input_file_ref idref="fl-13"/>
      </object_component>
      <object_component id="oc-8e4">
         <name>.text:RingBuf_peek</name>
         <load_address>0x100673c</load_address>
         <run_address>0x100673c</run_address>
         <size>0x20</size>
         <input_file_ref idref="fl-18"/>
      </object_component>
      <object_component id="oc-8f2">
         <name>.text:getPowerMgrId</name>
         <load_address>0x100675c</load_address>
         <run_address>0x100675c</run_address>
         <size>0x20</size>
         <input_file_ref idref="fl-16"/>
      </object_component>
      <object_component id="oc-5a7">
         <name>.text:I2CMasterIntStatusEx</name>
         <load_address>0x100677c</load_address>
         <run_address>0x100677c</run_address>
         <size>0x1e</size>
         <input_file_ref idref="fl-22"/>
      </object_component>
      <object_component id="oc-3f6">
         <name>.text:SemaphoreP_constructBinary</name>
         <load_address>0x100679a</load_address>
         <run_address>0x100679a</run_address>
         <size>0x1e</size>
         <input_file_ref idref="fl-1a"/>
      </object_component>
      <object_component id="oc-997">
         <name>.text:TimerDisable</name>
         <load_address>0x10067b8</load_address>
         <run_address>0x10067b8</run_address>
         <size>0x1e</size>
         <input_file_ref idref="fl-26"/>
      </object_component>
      <object_component id="oc-990">
         <name>.text:TimerEnable</name>
         <load_address>0x10067d6</load_address>
         <run_address>0x10067d6</run_address>
         <size>0x1e</size>
         <input_file_ref idref="fl-26"/>
      </object_component>
      <object_component id="oc-88a">
         <name>.text:PinToPadGet</name>
         <load_address>0x10067f4</load_address>
         <run_address>0x10067f4</run_address>
         <size>0x1c</size>
         <input_file_ref idref="fl-24"/>
      </object_component>
      <object_component id="oc-4bc">
         <name>.text:SwiP_disable</name>
         <load_address>0x1006810</load_address>
         <run_address>0x1006810</run_address>
         <size>0x1c</size>
         <input_file_ref idref="fl-1f"/>
      </object_component>
      <object_component id="oc-48">
         <name>.text:decompress:ZI:__TI_zero_init_nomemset:__TI_zero_init_nomemset</name>
         <load_address>0x100682c</load_address>
         <run_address>0x100682c</run_address>
         <size>0x1c</size>
         <input_file_ref idref="fl-e6"/>
      </object_component>
      <object_component id="oc-847">
         <name>.text:free_list_remove</name>
         <load_address>0x1006848</load_address>
         <run_address>0x1006848</run_address>
         <size>0x1c</size>
         <input_file_ref idref="fl-e9"/>
      </object_component>
      <object_component id="oc-554">
         <name>.text:memccpy</name>
         <load_address>0x1006864</load_address>
         <run_address>0x1006864</run_address>
         <size>0x1c</size>
         <input_file_ref idref="fl-fd"/>
      </object_component>
      <object_component id="oc-90a">
         <name>.text:ClockP_create</name>
         <load_address>0x1006880</load_address>
         <run_address>0x1006880</run_address>
         <size>0x1a</size>
         <input_file_ref idref="fl-1b"/>
      </object_component>
      <object_component id="oc-426">
         <name>.text:SemaphoreP_createBinary</name>
         <load_address>0x100689a</load_address>
         <run_address>0x100689a</run_address>
         <size>0x1a</size>
         <input_file_ref idref="fl-1a"/>
      </object_component>
      <object_component id="oc-22">
         <name>.text:resetISR</name>
         <load_address>0x10068b4</load_address>
         <run_address>0x10068b4</run_address>
         <size>0x1a</size>
         <input_file_ref idref="fl-1e"/>
      </object_component>
      <object_component id="oc-836">
         <name>.text:I2CMasterBusBusy</name>
         <load_address>0x10068ce</load_address>
         <run_address>0x10068ce</run_address>
         <size>0x18</size>
         <input_file_ref idref="fl-22"/>
      </object_component>
      <object_component id="oc-5b9">
         <name>.text:I2CMasterIntDisableEx</name>
         <load_address>0x10068e6</load_address>
         <run_address>0x10068e6</run_address>
         <size>0x18</size>
         <input_file_ref idref="fl-22"/>
      </object_component>
      <object_component id="oc-811">
         <name>.text:I2CMasterIntEnableEx</name>
         <load_address>0x10068fe</load_address>
         <run_address>0x10068fe</run_address>
         <size>0x18</size>
         <input_file_ref idref="fl-22"/>
      </object_component>
      <object_component id="oc-830">
         <name>.text:I2CRxFIFOFlush</name>
         <load_address>0x1006916</load_address>
         <run_address>0x1006916</run_address>
         <size>0x18</size>
         <input_file_ref idref="fl-22"/>
      </object_component>
      <object_component id="oc-82a">
         <name>.text:I2CTxFIFOFlush</name>
         <load_address>0x100692e</load_address>
         <run_address>0x100692e</run_address>
         <size>0x18</size>
         <input_file_ref idref="fl-22"/>
      </object_component>
      <object_component id="oc-4ce">
         <name>.text:Power_getTransitionLatency</name>
         <load_address>0x1006948</load_address>
         <run_address>0x1006948</run_address>
         <size>0x18</size>
         <input_file_ref idref="fl-13"/>
      </object_component>
      <object_component id="oc-9de">
         <name>.text:Power_idleFunc</name>
         <load_address>0x1006960</load_address>
         <run_address>0x1006960</run_address>
         <size>0x18</size>
         <input_file_ref idref="fl-13"/>
      </object_component>
      <object_component id="oc-742">
         <name>.text:TimerCC32XX_getCount</name>
         <load_address>0x1006978</load_address>
         <run_address>0x1006978</run_address>
         <size>0x18</size>
         <input_file_ref idref="fl-15"/>
      </object_component>
      <object_component id="oc-99d">
         <name>.text:TimerIntDisable</name>
         <load_address>0x1006990</load_address>
         <run_address>0x1006990</run_address>
         <size>0x18</size>
         <input_file_ref idref="fl-26"/>
      </object_component>
      <object_component id="oc-98a">
         <name>.text:TimerIntEnable</name>
         <load_address>0x10069a8</load_address>
         <run_address>0x10069a8</run_address>
         <size>0x18</size>
         <input_file_ref idref="fl-26"/>
      </object_component>
      <object_component id="oc-941">
         <name>.text:UARTBusy</name>
         <load_address>0x10069c0</load_address>
         <run_address>0x10069c0</run_address>
         <size>0x18</size>
         <input_file_ref idref="fl-27"/>
      </object_component>
      <object_component id="oc-a69">
         <name>.text:UARTIntEnable</name>
         <load_address>0x10069d8</load_address>
         <run_address>0x10069d8</run_address>
         <size>0x18</size>
         <input_file_ref idref="fl-27"/>
      </object_component>
      <object_component id="oc-2a8">
         <name>.text:UART_Params_init</name>
         <load_address>0x10069f0</load_address>
         <run_address>0x10069f0</run_address>
         <size>0x18</size>
         <input_file_ref idref="fl-10"/>
      </object_component>
      <object_component id="oc-3bb">
         <name>.text:_outc</name>
         <load_address>0x1006a08</load_address>
         <run_address>0x1006a08</run_address>
         <size>0x18</size>
         <input_file_ref idref="fl-df"/>
      </object_component>
      <object_component id="oc-31b">
         <name>.text:lowerTempButton</name>
         <load_address>0x1006a20</load_address>
         <run_address>0x1006a20</run_address>
         <size>0x18</size>
         <input_file_ref idref="fl-2"/>
      </object_component>
      <object_component id="oc-321">
         <name>.text:raiseTempButton</name>
         <load_address>0x1006a38</load_address>
         <run_address>0x1006a38</run_address>
         <size>0x18</size>
         <input_file_ref idref="fl-2"/>
      </object_component>
      <object_component id="oc-4eb">
         <name>.text</name>
         <load_address>0x1006a50</load_address>
         <run_address>0x1006a50</run_address>
         <size>0x18</size>
         <input_file_ref idref="fl-e3"/>
      </object_component>
      <object_component id="oc-2ce">
         <name>.text:timerCallback</name>
         <load_address>0x1006a68</load_address>
         <run_address>0x1006a68</run_address>
         <size>0x18</size>
         <input_file_ref idref="fl-2"/>
      </object_component>
      <object_component id="oc-80b">
         <name>.text:I2CMasterBurstLengthSet</name>
         <load_address>0x1006a80</load_address>
         <run_address>0x1006a80</run_address>
         <size>0x16</size>
         <input_file_ref idref="fl-22"/>
      </object_component>
      <object_component id="oc-26f">
         <name>.text:PRCMHIBRegRead</name>
         <load_address>0x1006a96</load_address>
         <run_address>0x1006a96</run_address>
         <size>0x16</size>
         <input_file_ref idref="fl-25"/>
      </object_component>
      <object_component id="oc-269">
         <name>.text:PRCMHIBRegWrite</name>
         <load_address>0x1006aac</load_address>
         <run_address>0x1006aac</run_address>
         <size>0x16</size>
         <input_file_ref idref="fl-25"/>
      </object_component>
      <object_component id="oc-60b">
         <name>.text:SemaphoreP_create</name>
         <load_address>0x1006ac2</load_address>
         <run_address>0x1006ac2</run_address>
         <size>0x16</size>
         <input_file_ref idref="fl-1a"/>
      </object_component>
      <object_component id="oc-7bf">
         <name>.text:strchr</name>
         <load_address>0x1006ad8</load_address>
         <run_address>0x1006ad8</run_address>
         <size>0x16</size>
         <input_file_ref idref="fl-fe"/>
      </object_component>
      <object_component id="oc-a4">
         <name>.text:CPUcpsid</name>
         <load_address>0x1006aee</load_address>
         <run_address>0x1006aee</run_address>
         <size>0x14</size>
         <input_file_ref idref="fl-21"/>
      </object_component>
      <object_component id="oc-641">
         <name>.text:HwiP_inISR</name>
         <load_address>0x1006b04</load_address>
         <run_address>0x1006b04</run_address>
         <size>0x14</size>
         <input_file_ref idref="fl-1c"/>
      </object_component>
      <object_component id="oc-83e">
         <name>.text:I2CSupport_masterFinish</name>
         <load_address>0x1006b18</load_address>
         <run_address>0x1006b18</run_address>
         <size>0x14</size>
         <input_file_ref idref="fl-12"/>
      </object_component>
      <object_component id="oc-2f4">
         <name>.text:I2C_transfer</name>
         <load_address>0x1006b2c</load_address>
         <run_address>0x1006b2c</run_address>
         <size>0x14</size>
         <input_file_ref idref="fl-e"/>
      </object_component>
      <object_component id="oc-b0">
         <name>.text:IntVTableBaseSet</name>
         <load_address>0x1006b40</load_address>
         <run_address>0x1006b40</run_address>
         <size>0x14</size>
         <input_file_ref idref="fl-23"/>
      </object_component>
      <object_component id="oc-647">
         <name>.text:Power_disablePolicy</name>
         <load_address>0x1006b54</load_address>
         <run_address>0x1006b54</run_address>
         <size>0x14</size>
         <input_file_ref idref="fl-13"/>
      </object_component>
      <object_component id="oc-8a6">
         <name>.text:Power_getDependencyCount</name>
         <load_address>0x1006b68</load_address>
         <run_address>0x1006b68</run_address>
         <size>0x14</size>
         <input_file_ref idref="fl-13"/>
      </object_component>
      <object_component id="oc-a63">
         <name>.text:releasePowerConstraint</name>
         <load_address>0x1006b7c</load_address>
         <run_address>0x1006b7c</run_address>
         <size>0x14</size>
         <input_file_ref idref="fl-16"/>
      </object_component>
      <object_component id="oc-525">
         <name>.text:strlen</name>
         <load_address>0x1006b90</load_address>
         <run_address>0x1006b90</run_address>
         <size>0x14</size>
         <input_file_ref idref="fl-ff"/>
      </object_component>
      <object_component id="oc-3ea">
         <name>.text:HwiP_Params_init</name>
         <load_address>0x1006ba4</load_address>
         <run_address>0x1006ba4</run_address>
         <size>0x12</size>
         <input_file_ref idref="fl-1c"/>
      </object_component>
      <object_component id="oc-5ad">
         <name>.text:I2CMasterIntClearEx</name>
         <load_address>0x1006bb6</load_address>
         <run_address>0x1006bb6</run_address>
         <size>0x12</size>
         <input_file_ref idref="fl-22"/>
      </object_component>
      <object_component id="oc-8ec">
         <name>.text:RingBuf_construct</name>
         <load_address>0x1006bc8</load_address>
         <run_address>0x1006bc8</run_address>
         <size>0x12</size>
         <input_file_ref idref="fl-18"/>
      </object_component>
      <object_component id="oc-a84">
         <name>.text:TimerIntClear</name>
         <load_address>0x1006bda</load_address>
         <run_address>0x1006bda</run_address>
         <size>0x12</size>
         <input_file_ref idref="fl-26"/>
      </object_component>
      <object_component id="oc-11b">
         <name>.text:main</name>
[...]
         <value>0x1006c81</value>
         <object_component_ref idref="oc-38a"/>
      </symbol>
      <symbol id="sm-b46">
         <name>HwiP_disableInterrupt</name>
         <value>0x1006d0d</value>
         <object_component_ref idref="oc-5ec"/>
      </symbol>
      <symbol id="sm-b76">
         <name>PowerCC32XX_initPolicy</name>
         <value>0x1002b3b</value>
         <object_component_ref idref="oc-373"/>
      </symbol>
      <symbol id="sm-b77">
         <name>PowerCC32XX_sleepPolicy</name>
         <value>0x1002365</value>
         <object_component_ref idref="oc-379"/>
      </symbol>
      <symbol id="sm-bcc">
         <name>resetISR</name>
         <value>0x10068b5</value>
         <object_component_ref idref="oc-22"/>
      </symbol>
      <symbol id="sm-bcd">
         <name>resetVectorAddr</name>
         <value>0x10068c8</value>
         <object_component_ref idref="oc-22"/>
      </symbol>
      <symbol id="sm-bce">
         <name>initVectors</name>
         <value>0x1006145</value>
         <object_component_ref idref="oc-5a"/>
      </symbol>
      <symbol id="sm-bcf">
         <name>resetVectors</name>
         <value>0x1000800</value>
         <object_component_ref idref="oc-28"/>
      </symbol>
      <symbol id="sm-bff">
         <name>SwiP_disable</name>
         <value>0x1006811</value>
         <object_component_ref idref="oc-4bc"/>
      </symbol>
      <symbol id="sm-c00">
         <name>SwiP_restore</name>
         <value>0x1005c21</value>
         <object_component_ref idref="oc-4f6"/>
      </symbol>
      <symbol id="sm-c0b">
         <name>CPUcpsid</name>
         <value>0x1006aef</value>
         <object_component_ref idref="oc-a4"/>
      </symbol>
      <symbol id="sm-c78">
         <name>I2CRxFIFOFlush</name>
         <value>0x1006917</value>
         <object_component_ref idref="oc-830"/>
      </symbol>
      <symbol id="sm-c79">
         <name>I2CTxFIFOFlush</name>
         <value>0x100692f</value>
         <object_component_ref idref="oc-82a"/>
      </symbol>
      <symbol id="sm-c7a">
         <name>I2CFIFODataPutNonBlocking</name>
         <value>0x1006533</value>
         <object_component_ref idref="oc-5cb"/>
      </symbol>
      <symbol id="sm-c7b">
         <name>I2CMasterBusBusy</name>
         <value>0x10068cf</value>
         <object_component_ref idref="oc-836"/>
      </symbol>
      <symbol id="sm-c7c">
         <name>I2CMasterIntDisableEx</name>
         <value>0x10068e7</value>
         <object_component_ref idref="oc-5b9"/>
      </symbol>
      <symbol id="sm-c7d">
         <name>I2CMasterBurstLengthSet</name>
         <value>0x1006a81</value>
         <object_component_ref idref="oc-80b"/>
      </symbol>
      <symbol id="sm-c7e">
         <name>I2CMasterIntClearEx</name>
         <value>0x1006bb7</value>
         <object_component_ref idref="oc-5ad"/>
      </symbol>
      <symbol id="sm-c7f">
         <name>I2CMasterSlaveAddrSet</name>
         <value>0x10066d9</value>
         <object_component_ref idref="oc-7ff"/>
      </symbol>
      <symbol id="sm-c80">
         <name>I2CMasterIntEnableEx</name>
         <value>0x10068ff</value>
         <object_component_ref idref="oc-811"/>
      </symbol>
      <symbol id="sm-c81">
         <name>I2CFIFOStatus</name>
         <value>0x1006c91</value>
         <object_component_ref idref="oc-5d1"/>
      </symbol>
      <symbol id="sm-c82">
         <name>I2CMasterIntStatusEx</name>
         <value>0x100677d</value>
         <object_component_ref idref="oc-5a7"/>
      </symbol>
      <symbol id="sm-c83">
         <name>I2CFIFODataGetNonBlocking</name>
         <value>0x10065d5</value>
         <object_component_ref idref="oc-7f7"/>
      </symbol>
      <symbol id="sm-cc8">
         <name>IntVTableBaseSet</name>
         <value>0x1006b41</value>
         <object_component_ref idref="oc-b0"/>
      </symbol>
      <symbol id="sm-cc9">
         <name>IntEnable</name>
         <value>0x1003e6d</value>
         <object_component_ref idref="oc-b6"/>
      </symbol>
      <symbol id="sm-cca">
         <name>IntMasterDisable</name>
         <value>0x1006db1</value>
         <object_component_ref idref="oc-54"/>
      </symbol>
      <symbol id="sm-ccb">
         <name>IntPendSet</name>
         <value>0x10045cd</value>
         <object_component_ref idref="oc-8bc"/>
      </symbol>
      <symbol id="sm-d05">
         <name>PinModeGet</name>
         <value>0x10062f9</value>
         <object_component_ref idref="oc-287"/>
      </symbol>
      <symbol id="sm-d06">
         <name>PinConfigSet</name>
         <value>0x1004655</value>
         <object_component_ref idref="oc-452"/>
      </symbol>
      <symbol id="sm-d07">
         <name>PinModeSet</name>
         <value>0x1005df9</value>
         <object_component_ref idref="oc-28d"/>
      </symbol>
      <symbol id="sm-d08">
         <name>PinToPadGet</name>
         <value>0x10067f5</value>
         <object_component_ref idref="oc-88a"/>
      </symbol>
      <symbol id="sm-dd1">
         <name>PRCMLPDSRestoreInfoSet</name>
         <value>0x1005b55</value>
         <object_component_ref idref="oc-89e"/>
      </symbol>
      <symbol id="sm-dd2">
         <name>PRCMPeripheralReset</name>
         <value>0x10052cd</value>
         <object_component_ref idref="oc-27b"/>
      </symbol>
      <symbol id="sm-dd3">
         <name>PRCMLPDSEnter</name>
         <value>0x100591d</value>
         <object_component_ref idref="oc-6cd"/>
      </symbol>
      <symbol id="sm-dd4">
         <name>PRCMPeripheralClkEnable</name>
         <value>0x1005965</value>
         <object_component_ref idref="oc-275"/>
      </symbol>
      <symbol id="sm-dd5">
         <name>PRCMLPDSEnterKeepDebugIf</name>
         <value>0x1006065</value>
         <object_component_ref idref="oc-6d3"/>
      </symbol>
      <symbol id="sm-dd6">
         <name>PRCMCC3200MCUInit</name>
         <value>0x1001291</value>
         <object_component_ref idref="oc-1cf"/>
      </symbol>
      <symbol id="sm-dd7">
         <name>PRCMHIBRegWrite</name>
         <value>0x1006aad</value>
         <object_component_ref idref="oc-269"/>
      </symbol>
      <symbol id="sm-dd8">
         <name>PRCMSysResetCauseGet</name>
         <value>0x10050a1</value>
         <object_component_ref idref="oc-262"/>
      </symbol>
      <symbol id="sm-dd9">
         <name>PRCMPeripheralClkDisable</name>
         <value>0x100655d</value>
         <object_component_ref idref="oc-281"/>
      </symbol>
      <symbol id="sm-dda">
         <name>PRCMHIBRegRead</name>
         <value>0x1006a97</value>
         <object_component_ref idref="oc-26f"/>
      </symbol>
      <symbol id="sm-e22">
         <name>TimerLoadSet</name>
         <value>0x10064df</value>
         <object_component_ref idref="oc-983"/>
      </symbol>
      <symbol id="sm-e23">
         <name>TimerDisable</name>
         <value>0x10067b9</value>
         <object_component_ref idref="oc-997"/>
      </symbol>
      <symbol id="sm-e24">
         <name>TimerEnable</name>
         <value>0x10067d7</value>
         <object_component_ref idref="oc-990"/>
      </symbol>
      <symbol id="sm-e25">
         <name>TimerIntDisable</name>
         <value>0x1006991</value>
         <object_component_ref idref="oc-99d"/>
      </symbol>
      <symbol id="sm-e26">
         <name>TimerPrescaleSet</name>
         <value>0x1006509</value>
         <object_component_ref idref="oc-97d"/>
      </symbol>
      <symbol id="sm-e27">
         <name>TimerControlStall</name>
         <value>0x1006225</value>
         <object_component_ref idref="oc-a7c"/>
      </symbol>
      <symbol id="sm-e28">
         <name>TimerIntEnable</name>
         <value>0x10069a9</value>
         <object_component_ref idref="oc-98a"/>
      </symbol>
      <symbol id="sm-e29">
         <name>TimerIntClear</name>
         <value>0x1006bdb</value>
         <object_component_ref idref="oc-a84"/>
      </symbol>
      <symbol id="sm-e3d">
         <name>UARTBusy</name>
         <value>0x10069c1</value>
         <object_component_ref idref="oc-941"/>
      </symbol>
      <symbol id="sm-e3e">
         <name>UARTIntEnable</name>
         <value>0x10069d9</value>
         <object_component_ref idref="oc-a69"/>
      </symbol>
      <symbol id="sm-e42">
         <name>UtilsDelay</name>
         <value>0x1006e0b</value>
         <object_component_ref idref="oc-268"/>
      </symbol>
      <symbol id="sm-e52">
         <name>FlashDisable</name>
         <value>0x10058d5</value>
         <object_component_ref idref="oc-8b4"/>
      </symbol>
      <symbol id="sm-e81">
         <name>snprintf</name>
         <value>0x1005889</value>
         <object_component_ref idref="oc-2d6"/>
      </symbol>
      <symbol id="sm-e8b">
         <name>__aeabi_fmul</name>
         <value>0x1004aef</value>
         <object_component_ref idref="oc-487"/>
      </symbol>
      <symbol id="sm-e95">
         <name>__aeabi_f2iz</name>
         <value>0x10061b5</value>
         <object_component_ref idref="oc-48c"/>
      </symbol>
      <symbol id="sm-ea0">
         <name>__aeabi_i2f</name>
         <value>0x10061ed</value>
         <object_component_ref idref="oc-482"/>
      </symbol>
      <symbol id="sm-ea9">
         <name>__aeabi_lmul</name>
         <value>0x1006a51</value>
         <object_component_ref idref="oc-4eb"/>
      </symbol>
      <symbol id="sm-ec4">
         <name>memcpy</name>
         <value>0x10042e5</value>
         <object_component_ref idref="oc-3c"/>
      </symbol>
      <symbol id="sm-ec5">
         <name>__aeabi_memcpy</name>
         <value>0x10042e5</value>
         <object_component_ref idref="oc-3c"/>
      </symbol>
      <symbol id="sm-ec6">
         <name>__aeabi_memcpy8</name>
         <value>0x10042e5</value>
         <object_component_ref idref="oc-3c"/>
      </symbol>
      <symbol id="sm-ec7">
         <name>__aeabi_memcpy4</name>
         <value>0x10042e5</value>
         <object_component_ref idref="oc-3c"/>
      </symbol>
      <symbol id="sm-ed4">
         <name>__aeabi_uldivmod</name>
         <value>0x1004419</value>
         <object_component_ref idref="oc-4e0"/>
      </symbol>
      <symbol id="sm-ee8">
         <name>__TI_zero_init_nomemset</name>
         <value>0x100682d</value>
         <object_component_ref idref="oc-48"/>
      </symbol>
      <symbol id="sm-eff">
         <name>__TI_decompress_none</name>
         <value>0x1006d53</value>
         <object_component_ref idref="oc-1b"/>
      </symbol>
      <symbol id="sm-f22">
         <name>__TI_decompress_lzss</name>
         <value>0x1004f09</value>
         <object_component_ref idref="oc-15"/>
      </symbol>
      <symbol id="sm-fab">
         <name>_sys_memory</name>
         <value>0x20000310</value>
         <object_component_ref idref="oc-2b"/>
      </symbol>
      <symbol id="sm-fac">
         <name>free</name>
         <value>0x10034d5</value>
         <object_component_ref idref="oc-612"/>
      </symbol>
      <symbol id="sm-fad">
         <name>memalign</name>
         <value>0x10030e9</value>
         <object_component_ref idref="oc-869"/>
      </symbol>
      <symbol id="sm-fae">
         <name>malloc</name>
         <value>0x1006de1</value>
         <object_component_ref idref="oc-664"/>
      </symbol>
      <symbol id="sm-faf">
         <name>aligned_alloc</name>
         <value>0x10030e9</value>
         <object_component_ref idref="oc-869"/>
      </symbol>
      <symbol id="sm-fc1">
         <name>__stack</name>
         <value>0x2003f000</value>
         <object_component_ref idref="oc-2e"/>
      </symbol>
      <symbol id="sm-fc2">
         <name>_c_int00_noargs</name>
         <value>0x10066b5</value>
         <object_component_ref idref="oc-c6"/>
      </symbol>
      <symbol id="sm-1127">
         <name>__TI_printfi</name>
         <value>0x1000841</value>
         <object_component_ref idref="oc-3af"/>
      </symbol>
      <symbol id="sm-1131">
         <name>__aeabi_idiv0</name>
         <value>0x100561b</value>
         <object_component_ref idref="oc-69e"/>
      </symbol>
      <symbol id="sm-1132">
         <name>__aeabi_ldiv0</name>
         <value>0x100561b</value>
         <object_component_ref idref="oc-69e"/>
      </symbol>
      <symbol id="sm-1149">
         <name>__aeabi_dsub</name>
         <value>0x10021ad</value>
         <object_component_ref idref="oc-793"/>
      </symbol>
      <symbol id="sm-114a">
         <name>__aeabi_dadd</name>
         <value>0x10021b7</value>
         <object_component_ref idref="oc-793"/>
      </symbol>
      <symbol id="sm-116c">
         <name>__aeabi_cdcmpeq</name>
         <value>0x1004765</value>
         <object_component_ref idref="oc-537"/>
      </symbol>
      <symbol id="sm-116d">
         <name>__aeabi_cdcmple</name>
         <value>0x1004765</value>
         <object_component_ref idref="oc-537"/>
      </symbol>
      <symbol id="sm-116e">
         <name>__aeabi_cdrcmple</name>
         <value>0x10047eb</value>
         <object_component_ref idref="oc-77e"/>
      </symbol>
      <symbol id="sm-1182">
         <name>__aeabi_ddiv</name>
         <value>0x1002a05</value>
         <object_component_ref idref="oc-779"/>
      </symbol>
      <symbol id="sm-118d">
         <name>__aeabi_dmul</name>
         <value>0x10032e5</value>
         <object_component_ref idref="oc-774"/>
      </symbol>
      <symbol id="sm-1197">
         <name>__aeabi_d2iz</name>
         <value>0x1005a3d</value>
         <object_component_ref idref="oc-783"/>
      </symbol>
      <symbol id="sm-11a1">
         <name>__aeabi_i2d</name>
         <value>0x1006459</value>
         <object_component_ref idref="oc-78e"/>
      </symbol>
      <symbol id="sm-11b0">
         <name>__aeabi_memset</name>
         <value>0x1004b6b</value>
         <object_component_ref idref="oc-9e"/>
      </symbol>
      <symbol id="sm-11b1">
         <name>memset</name>
         <value>0x1004b71</value>
         <object_component_ref idref="oc-9e"/>
      </symbol>
      <symbol id="sm-11b2">
         <name>__aeabi_memset8</name>
         <value>0x1004b6b</value>
         <object_component_ref idref="oc-9e"/>
      </symbol>
      <symbol id="sm-11b3">
         <name>__aeabi_memset4</name>
         <value>0x1004b6b</value>
         <object_component_ref idref="oc-9e"/>
      </symbol>
      <symbol id="sm-11b4">
         <name>__aeabi_memclr8</name>
         <value>0x1004b69</value>
         <object_component_ref idref="oc-9e"/>
      </symbol>
      <symbol id="sm-11b5">
         <name>__aeabi_memclr4</name>
         <value>0x1004b69</value>
         <object_component_ref idref="oc-9e"/>
      </symbol>
      <symbol id="sm-11b6">
         <name>__aeabi_memclr</name>
         <value>0x1004b69</value>
         <object_component_ref idref="oc-9e"/>
      </symbol>
      <symbol id="sm-11de">
         <name>__TI_auto_init_nobinit_nopinit</name>
         <value>0x1005ced</value>
         <object_component_ref idref="oc-173"/>
      </symbol>
      <symbol id="sm-11e8">
         <name>_system_pre_init</name>
         <value>0x1006e1d</value>
         <object_component_ref idref="oc-115"/>
      </symbol>
      <symbol id="sm-11f4">
         <name>C$$EXIT</name>
         <value>0x1006e21</value>
         <object_component_ref idref="oc-167"/>
      </symbol>
      <symbol id="sm-11f5">
         <name>abort</name>
         <value>0x1006e21</value>
         <object_component_ref idref="oc-167"/>
      </symbol>
      <symbol id="sm-120a">
         <name>_nop</name>
         <value>0x1003753</value>
         <object_component_ref idref="oc-33b"/>
      </symbol>
      <symbol id="sm-120b">
         <name>_lock</name>
         <value>0x200088b4</value>
         <object_component_ref idref="oc-215"/>
      </symbol>
      <symbol id="sm-120c">
         <name>_unlock</name>
         <value>0x200088b8</value>
         <object_component_ref idref="oc-215"/>
      </symbol>
      <symbol id="sm-121b">
         <name>__TI_ltoa</name>
         <value>0x1005429</value>
         <object_component_ref idref="oc-788"/>
      </symbol>
      <symbol id="sm-1232">
         <name>atoi</name>
         <value>0x10057f1</value>
         <object_component_ref idref="oc-52b"/>
      </symbol>
      <symbol id="sm-123d">
         <name>_ctypes_</name>
         <value>0x1006e24</value>
         <object_component_ref idref="oc-76d"/>
      </symbol>
      <symbol id="sm-124d">
         <name>memccpy</name>
         <value>0x1006865</value>
         <object_component_ref idref="oc-554"/>
      </symbol>
      <symbol id="sm-125d">
         <name>strchr</name>
         <value>0x1006ad9</value>
         <object_component_ref idref="oc-7bf"/>
      </symbol>
      <symbol id="sm-126b">
         <name>strlen</name>
         <value>0x1006b91</value>
         <object_component_ref idref="oc-525"/>
      </symbol>
      <symbol id="sm-1281">
         <name>__aeabi_errno_addr</name>
         <value>0x1006dd9</value>
         <object_component_ref idref="oc-560"/>
      </symbol>
      <symbol id="sm-1282">
         <name>errno</name>
         <value>0x200088dc</value>
         <object_component_ref idref="oc-7cf"/>
      </symbol>
      <symbol id="sm-129b">
         <name>wcslen</name>
         <value>0x1006bff</value>
         <object_component_ref idref="oc-55a"/>
      </symbol>
      <symbol id="sm-12bb">
         <name>frexpl</name>
         <value>0x10051bd</value>
         <object_component_ref idref="oc-7b3"/>
      </symbol>
      <symbol id="sm-12bc">
         <name>frexp</name>
         <value>0x10051bd</value>
         <object_component_ref idref="oc-7b3"/>
      </symbol>
      <symbol id="sm-12da">
         <name>scalbn</name>
         <value>0x10035b9</value>
         <object_component_ref idref="oc-7b9"/>
      </symbol>
      <symbol id="sm-12db">
         <name>scalbnl</name>
         <value>0x10035b9</value>
         <object_component_ref idref="oc-7b9"/>
      </symbol>
      <symbol id="sm-12dc">
         <name>ldexpl</name>
         <value>0x10035b9</value>
         <object_component_ref idref="oc-7b9"/>
      </symbol>
      <symbol id="sm-12dd">
         <name>ldexp</name>
         <value>0x10035b9</value>
         <object_component_ref idref="oc-7b9"/>
      </symbol>
      <symbol id="sm-12e7">
         <name>copysign</name>
         <value>0x1006d79</value>
         <object_component_ref idref="oc-9c0"/>
      </symbol>
      <symbol id="sm-12e8">
         <name>copysignl</name>
         <value>0x1006d79</value>
         <object_component_ref idref="oc-9c0"/>
      </symbol>
      <symbol id="sm-12e9">
         <name>__TI_static_base__</name>
         <value>0x1007340</value>
      </symbol>
      <symbol id="sm-12ec">
         <name>ITM_flush</name>
         <value>0x0</value>
      </symbol>
      <symbol id="sm-12ed">
         <name>ITM_restore</name>
         <value>0x0</value>
      </symbol>
      <symbol id="sm-12ee">
         <name>__mpu_init</name>
         <value>0x0</value>
      </symbol>
      <symbol id="sm-12ef">
         <name>_system_post_cinit</name>
         <value>0x0</value>
      </symbol>
      <symbol id="sm-12f0">
         <name>NoRTOS_start</name>
         <value>0x1006d1b</value>
      </symbol>
   </symbol_table>
   <title>Link successful</title>
</link_info>
