******************************************************************************
                  TI ARM Linker PC v20.2.7                     
******************************************************************************
>> Linked Sun Oct 15 10:19:55 2023

OUTPUT FILE NAME:   <gpiointerrupt_CC3220SF_LAUNCHXL_nortos_ccs.out>
ENTRY POINT SYMBOL: "resetISR"  address: 010068b5


MEMORY CONFIGURATION

         name            origin    length      used     unused   attr    fill
----------------------  --------  ---------  --------  --------  ----  --------
  FLASH_HDR             01000000   000007ff  00000000  000007ff  R  X
  FLASH                 01000800   000ff800  00006c2e  000f8bd2  R  X
  SRAM                  20000000   00040000  00009cb0  00036350  RW X
  LOG_DATA              90000000   00040000  00000000  00040000  R   


SEGMENT ALLOCATION MAP

run origin  load origin   length   init length attrs members
----------  ----------- ---------- ----------- ----- -------
01000800    01000800    00006c30   00006c30    r-x
  01000800    01000800    00000040   00000040    r-- .resetVecs
  01000840    01000840    000065e4   000065e4    r-x .text
  01006e24    01006e24    0000051a   0000051a    r-- .const
  01007340    01007340    000000f0   000000f0    r-- .cinit
20000310    20000310    000089a4   00000000    rw-
  20000310    20000310    00008000   00000000    rw- .sysmem
  20008310    20008310    000005d0   00000000    rw- .data
  200088e0    200088e0    000003d4   00000000    rw- .bss
2003f000    2003f000    00001000   00000000    rw-
  2003f000    2003f000    00001000   00000000    rw- .stack


SECTION ALLOCATION MAP

 output                                  attributes/
section   page    origin      length       input sections
--------  ----  ----------  ----------   ----------------
.resetVecs 
*          0    01000800    00000040     
                  01000800    00000040     nortos_cc32xx.a : startup_cc32xx_ccs.oem4 (.resetVecs:retain)

.text      0    01000840    000065e4     
                  01000840    00000a4e     rtsv7M4_T_le_eabi.lib : _printfi.c.obj (.text:__TI_printfi)
                  0100128e    00000002     ti_drivers_config.obj (.text:Board_initHook)
                  01001290    0000042c     driverlib.a : prcm.obj (.text:PRCMCC3200MCUInit)
                  010016bc    00000288     drivers_cc32xx.a : UARTCC32XX.oem4 (.text:UARTCC32XX_open)
                  01001944    00000268     rtsv7M4_T_le_eabi.lib : _printfi.c.obj (.text:_pconv_a)
                  01001bac    00000250     gpiointerrupt.obj (.text:initI2C)
                  01001dfc    000001e4     drivers_cc32xx.a : GPIOCC32XX.oem4 (.text:GPIO_setConfig)
                  01001fe0    000001cc     rtsv7M4_T_le_eabi.lib : _printfi.c.obj (.text:_pconv_g)
                  010021ac    000001b6                           : fd_add_t2.asm.obj (.text)
                  01002362    00000002     drivers_cc32xx.a : I2C.oem4 (.text:I2C_init)
                  01002364    0000019c     nortos_cc32xx.a : PowerCC32XX_nortos.oem4 (.text:PowerCC32XX_sleepPolicy)
                  01002500    00000148     drivers_cc32xx.a : I2CCC32XX.oem4 (.text:I2CCC32XX_hwiFxn)
                  01002648    00000148                      : PowerCC32XX.oem4 (.text:parkPins)
                  01002790    0000013c     rtsv7M4_T_le_eabi.lib : _printfi.c.obj (.text:_pconv_e)
                  010028cc    00000138     drivers_cc32xx.a : PowerCC32XX.oem4 (.text:Power_sleep)
                  01002a04    00000136     rtsv7M4_T_le_eabi.lib : fd_div_t2.asm.obj (.text)
                  01002b3a    00000002     nortos_cc32xx.a : PowerCC32XX_nortos.oem4 (.text:PowerCC32XX_initPolicy)
                  01002b3c    00000128     drivers_cc32xx.a : TimerCC32XX.oem4 (.text:TimerCC32XX_open)
                  01002c64    00000122                      : I2C.oem4 (.text:I2C_transferTimeout)
                  01002d86    00000002                      : TimerCC32XX.oem4 (.text:TimerCC32XX_init)
                  01002d88    00000120                      : UARTCC32XX.oem4 (.text:UARTCC32XX_close)
                  01002ea8    00000120     rtsv7M4_T_le_eabi.lib : _printfi.c.obj (.text:fcvt)
                  01002fc8    00000120     gpiointerrupt.obj (.text:readTemp)
                  010030e8    00000100     rtsv7M4_T_le_eabi.lib : memory.c.obj (.text:aligned_alloc)
                  010031e8    000000fc     drivers_cc32xx.a : I2CCC32XX.oem4 (.text:I2C_open)
                  010032e4    000000fc     rtsv7M4_T_le_eabi.lib : fd_mul_t2.asm.obj (.text)
                  010033e0    000000f2     drivers_cc32xx.a : UARTCC32XX.oem4 (.text:UARTCC32XX_control)
                  010034d2    00000002                      : UARTCC32XX.oem4 (.text:UARTCC32XX_init)
                  010034d4    000000e4     rtsv7M4_T_le_eabi.lib : memory.c.obj (.text:free)
                  010035b8    000000d0                           : s_scalbn.c.obj (.text:scalbn)
                  01003688    000000ca     drivers_cc32xx.a : UARTCC32XX.oem4 (.text:UARTCC32XX_write)
                  01003752    00000002     rtsv7M4_T_le_eabi.lib : _lock.c.obj (.text:_nop)
                  01003754    000000c4     drivers_cc32xx.a : GPIOCC32XX.oem4 (.text:GPIO_init)
                  01003818    000000c0                      : PowerCC32XX.oem4 (.text:restoreParkedPins)
                  010038d8    000000ba                      : UARTCC32XX.oem4 (.text:UARTCC32XX_readPolling)
                  01003992    00000002     nortos_cc32xx.a : startup_cc32xx_ccs.oem4 (.text:busFaultHandler)
                  01003994    000000b8     drivers_cc32xx.a : UARTCC32XX.oem4 (.text:initHw)
                  01003a4c    000000b6                      : UARTCC32XX.oem4 (.text:readTaskCallback)
                  01003b02    000000b2                      : I2CCC32XX.oem4 (.text:I2CCC32XX_completeTransfer)
                  01003bb4    000000b1     rtsv7M4_T_le_eabi.lib : _printfi.c.obj (.text:_ltostr)
                  01003c65    00000001     --HOLE-- [fill = 0]
                  01003c66    000000b0     drivers_cc32xx.a : UARTCC32XX.oem4 (.text:readTaskBlocking)
                  01003d16    000000ae                      : UARTCC32XX.oem4 (.text:readIsrTextBlocking)
                  01003dc4    000000a8                      : I2CCC32XX.oem4 (.text:I2CCC32XX_primeWriteBurst)
                  01003e6c    000000a8     driverlib.a : interrupt.obj (.text:IntEnable)
                  01003f14    000000a8     drivers_cc32xx.a : PowerCC32XX.oem4 (.text:PowerCC32XX_configureWakeup)
                  01003fbc    000000a8     gpiointerrupt.obj (.text:mainThread)
                  01004064    000000a2     drivers_cc32xx.a : UARTCC32XX.oem4 (.text:readIsrTextCallback)
                  01004106    000000a2                      : UARTCC32XX.oem4 (.text:writeData)
                  010041a8    000000a0     nortos_cc32xx.a : SemaphoreP_nortos.oem4 (.text:SemaphoreP_pend)
                  01004248    0000009c     drivers_cc32xx.a : I2CCC32XX.oem4 (.text:I2CCC32XX_initHw)
                  010042e4    0000009c     rtsv7M4_T_le_eabi.lib : memcpy_t2.asm.obj (.text)
                  01004380    00000098     drivers_cc32xx.a : GPIOCC32XX.oem4 (.text:powerNotifyFxn)
                  01004418    00000096     rtsv7M4_T_le_eabi.lib : ull_div_t2.asm.obj (.text)
                  010044ae    00000002     nortos_cc32xx.a : SemaphoreP_nortos.oem4 (.text:clkFxn)
                  010044b0    00000090     drivers_cc32xx.a : PowerCC32XX.oem4 (.text:restoreNVICRegs)
                  01004540    0000008c     nortos_cc32xx.a : HwiPCC32XX_nortos.oem4 (.text:HwiP_construct)
                  010045cc    00000088     driverlib.a : interrupt.obj (.text:IntPendSet)
                  01004654    00000088                 : pin.obj (.text:PinConfigSet)
                  010046dc    00000088     drivers_cc32xx.a : TimerCC32XX.oem4 (.text:TimerCC32XX_setPeriod)
                  01004764    00000086     rtsv7M4_T_le_eabi.lib : fd_cmp_t2.asm.obj (.text:__aeabi_cdcmple)
                  010047ea    00000086                           : fd_cmp_t2.asm.obj (.text:__aeabi_cdrcmple)
                  01004870    00000084     drivers_cc32xx.a : PowerCC32XX.oem4 (.text:Power_init)
                  010048f4    00000084                      : PowerCC32XX.oem4 (.text:saveNVICRegs)
                  01004978    00000080                      : PowerCC32XX.oem4 (.text:Power_setDependency)
                  010049f8    0000007c                      : UARTCC32XX.oem4 (.text:readIsrBinaryBlocking)
                  01004a74    0000007a                      : I2CCC32XX.oem4 (.text:I2CCC32XX_primeReadBurst)
                  01004aee    0000007a     rtsv7M4_T_le_eabi.lib : fs_mul_t2.asm.obj (.text)
                  01004b68    0000007a                           : memset_t2.asm.obj (.text)
                  01004be2    00000002     nortos_cc32xx.a : startup_cc32xx_ccs.oem4 (.text:defaultHandler)
                  01004be4    00000078     drivers_cc32xx.a : GPIOCC32XX.oem4 (.text:GPIO_hwiIntFxn)
                  01004c5c    00000078                      : TimerCC32XX.oem4 (.text:TimerCC32XX_start)
                  01004cd4    00000078                      : UARTCC32XX.oem4 (.text:readIsrBinaryCallback)
                  01004d4c    00000074                      : UARTCC32XX.oem4 (.text:UARTCC32XX_hwiIntFxn)
                  01004dc0    00000070     rtsv7M4_T_le_eabi.lib : memory.c.obj (.text:split)
                  01004e30    0000006e                           : _printfi.c.obj (.text:_mcpy)
                  01004e9e    0000006a     drivers_cc32xx.a : I2CCC32XX.oem4 (.text:I2CSupport_primeTransfer)
                  01004f08    00000068     rtsv7M4_T_le_eabi.lib : copy_decompress_lzss.c.obj (.text:decompress:lzss:__TI_decompress_lzss)
                  01004f70    00000066     drivers_cc32xx.a : UARTCC32XX.oem4 (.text:UARTCC32XX_writeCancel)
                  01004fd6    00000002     nortos_cc32xx.a : startup_cc32xx_ccs.oem4 (.text:faultISR)
                  01004fd8    00000064     drivers_cc32xx.a : PowerCC32XX.oem4 (.text:PowerCC32XX_setParkState)
                  0100503c    00000062                      : UARTCC32XX.oem4 (.text:UARTCC32XX_writePolling)
                  0100509e    00000002     nortos_cc32xx.a : startup_cc32xx_ccs.oem4 (.text:nmiISR)
                  010050a0    00000060     driverlib.a : prcm.obj (.text:PRCMSysResetCauseGet)
                  01005100    00000060     gpiointerrupt.obj (.text:sendInfoToUART)
                  01005160    0000005c     drivers_cc32xx.a : GPIOCC32XX.oem4 (.text:GPIO_setCallback)
                  010051bc    0000005c     rtsv7M4_T_le_eabi.lib : s_frexp.c.obj (.text:frexp)
                  01005218    0000005c     nortos_cc32xx.a : ClockPSysTick_nortos.oem4 (.text:sysTickInit)
                  01005274    00000058     drivers_cc32xx.a : GPIOCC32XX.oem4 (.text:GPIO_write)
                  010052cc    00000058     driverlib.a : prcm.obj (.text:PRCMPeripheralReset)
                  01005324    00000058     drivers_cc32xx.a : PowerCC32XX.oem4 (.text:Power_releaseDependency)
                  0100537c    00000056                      : TimerCC32XX.oem4 (.text:TimerCC32XX_stop)
                  010053d2    00000056     rtsv7M4_T_le_eabi.lib : _printfi.c.obj (.text:_pconv_f)
                  01005428    00000054                           : _ltoa.c.obj (.text:__TI_ltoa)
                  0100547c    00000054     gpiointerrupt.obj (.text:initTimer)
                  010054d0    00000054     drivers_cc32xx.a : UARTCC32XX.oem4 (.text:ringBufGet)
                  01005524    00000052                      : PowerCC32XX_asm.oem4 (.text:PowerCC32XX_resumeLPDS)
                  01005576    00000052     rtsv7M4_T_le_eabi.lib : _printfi.c.obj (.text:_ecpy)
                  010055c8    00000052     drivers_cc32xx.a : TimerCC32XX.oem4 (.text:initHw)
                  0100561a    00000002     rtsv7M4_T_le_eabi.lib : div0.asm.obj (.text)
                  0100561c    00000050     nortos_cc32xx.a : ClockPSysTick_nortos.oem4 (.text:ClockP_sysTickHandler)
                  0100566c    00000050                     : SemaphoreP_nortos.oem4 (.text:SemaphoreP_construct)
                  010056bc    00000050     drivers_cc32xx.a : TimerCC32XX.oem4 (.text:TimerCC32XX_allocateTimerResource)
                  0100570c    0000004c                      : GPIOCC32XX.oem4 (.text:GPIO_enableInt)
                  01005758    0000004c                      : I2CCC32XX.oem4 (.text:I2CCC32XX_readRecieveFifo)
                  010057a4    0000004c                      : PowerCC32XX.oem4 (.text:PowerCC32XX_parkPin)
                  010057f0    0000004c     rtsv7M4_T_le_eabi.lib : atoi.c.obj (.text:atoi)
                  0100583c    0000004c     drivers_cc32xx.a : PowerCC32XX.oem4 (.text:restorePeriphClocks)
                  01005888    0000004c     rtsv7M4_T_le_eabi.lib : snprintf.c.obj (.text:snprintf)
                  010058d4    00000048     driverlib.a : flash.obj (.text:FlashDisable)
                  0100591c    00000048                 : prcm.obj (.text:PRCMLPDSEnter)
                  01005964    00000048                 : prcm.obj (.text:PRCMPeripheralClkEnable)
                  010059ac    00000048     drivers_cc32xx.a : PowerCC32XX.oem4 (.text:Power_releaseConstraint)
                  010059f4    00000048     gpiointerrupt.obj (.text:initGPIO)
                  01005a3c    00000048     rtsv7M4_T_le_eabi.lib : fd_toi_t2.asm.obj (.text)
                  01005a84    00000046     drivers_cc32xx.a : RingBuf.oem4 (.text:RingBuf_put)
                  01005aca    00000046                      : TimerCC32XX.oem4 (.text:getPrescaler)
                  01005b10    00000044     nortos_cc32xx.a : ClockPSysTick_nortos.oem4 (.text:ClockP_stop)
                  01005b54    00000044     driverlib.a : prcm.obj (.text:PRCMLPDSRestoreInfoSet)
                  01005b98    00000044     drivers_cc32xx.a : PowerCC32XX_asm.oem4 (.text:PowerCC32XX_enterLPDS)
                  01005bdc    00000044     nortos_cc32xx.a : SemaphoreP_nortos.oem4 (.text:SemaphoreP_post)
                  01005c20    00000044                     : SwiP_nortos.oem4 (.text:SwiP_restore)
                  01005c64    00000044     drivers_cc32xx.a : Timer.oem4 (.text:Timer_init)
                  01005ca8    00000044                      : UART.oem4 (.text:UART_init)
                  01005cec    00000044     rtsv7M4_T_le_eabi.lib : autoinit.c.obj (.text:__TI_auto_init_nobinit_nopinit:__TI_auto_init_nobinit_nopinit)
                  01005d30    00000044     gpiointerrupt.obj (.text:checkTempAndIfHeatOn)
                  01005d74    00000044     gpiointerrupt.obj (.text:initUART)
                  01005db8    00000040     nortos_cc32xx.a : ClockPSysTick_nortos.oem4 (.text:ClockP_construct)
                  01005df8    00000040     driverlib.a : pin.obj (.text:PinModeSet)
                  01005e38    00000040     drivers_cc32xx.a : RingBuf.oem4 (.text:RingBuf_get)
                  01005e78    00000040                      : Timer.oem4 (.text:Timer_open)
                  01005eb8    00000040                      : UARTCC32XX.oem4 (.text:UARTCC32XX_read)
                  01005ef8    00000040                      : UART.oem4 (.text:UART_open)
                  01005f38    0000003e     rtsv7M4_T_le_eabi.lib : _printfi.c.obj (.text:_fcpy)
                  01005f76    00000002     --HOLE-- [fill = 0]
                  01005f78    0000003c     nortos_cc32xx.a : ClockPSysTick_nortos.oem4 (.text:ClockP_destruct)
                  01005fb4    0000003c     drivers_cc32xx.a : PowerCC32XX.oem4 (.text:Power_setConstraint)
                  01005ff0    0000003a                      : TimerCC32XX.oem4 (.text:TimerCC32XX_close)
                  0100602a    0000003a     nortos_cc32xx.a : PowerCC32XX_nortos.oem4 (.text:getCountsRTC)
                  01006064    00000038     driverlib.a : prcm.obj (.text:PRCMLPDSEnterKeepDebugIf)
                  0100609c    00000038     drivers_cc32xx.a : TimerCC32XX.oem4 (.text:TimerCC32XX_hwiIntFunction)
                  010060d4    00000038     nortos_cc32xx.a : ClockPSysTick_nortos.oem4 (.text:addToList)
                  0100610c    00000038     gpiointerrupt.obj (.text:checkButtonFlags)
                  01006144    00000038     nortos_cc32xx.a : startup_cc32xx_ccs.oem4 (.text:initVectors)
                  0100617c    00000038     drivers_cc32xx.a : PowerCC32XX.oem4 (.text:notify)
                  010061b4    00000038     rtsv7M4_T_le_eabi.lib : fs_toi_t2.asm.obj (.text)
                  010061ec    00000038                           : i_tofs_t2.asm.obj (.text)
                  01006224    00000036     driverlib.a : timer.obj (.text:TimerControlStall)
                  0100625a    00000036     drivers_cc32xx.a : UARTCC32XX.oem4 (.text:UARTCC32XX_readCancel)
                  01006290    00000034     nortos_cc32xx.a : ClockPSysTick_nortos.oem4 (.text:ClockP_getTicksUntilInterrupt)
                  010062c4    00000034                     : ClockPSysTick_nortos.oem4 (.text:ClockP_startup)
                  010062f8    00000034     driverlib.a : pin.obj (.text:PinModeGet)
                  0100632c    00000034     drivers_cc32xx.a : PowerCC32XX.oem4 (.text:PowerCC32XX_restoreParkState)
                  01006360    00000034                      : TimerCC32XX.oem4 (.text:TimerCC32XX_freeTimerResource)
                  01006394    00000034                      : TimerCC32XX.oem4 (.text:getPowerMgrId)
                  010063c8    00000030     nortos_cc32xx.a : ClockPSysTick_nortos.oem4 (.text:ClockP_start)
                  010063f8    00000030     drivers_cc32xx.a : PowerCC32XX.oem4 (.text:PowerCC32XX_restoreParkedPin)
                  01006428    00000030     rtsv7M4_T_le_eabi.lib : snprintf.c.obj (.text:_outs)
                  01006458    0000002e                           : i_tofd_t2.asm.obj (.text)
                  01006486    00000002     --HOLE-- [fill = 0]
                  01006488    0000002c     drivers_cc32xx.a : PowerCC32XX.oem4 (.text:PowerCC32XX_getParkState)
                  010064b4    0000002a     nortos_cc32xx.a : HwiPCC32XX_nortos.oem4 (.text:HwiP_create)
                  010064de    0000002a     driverlib.a : timer.obj (.text:TimerLoadSet)
                  01006508    0000002a                 : timer.obj (.text:TimerPrescaleSet)
                  01006532    00000028                 : i2c.obj (.text:I2CFIFODataPutNonBlocking)
                  0100655a    00000002     --HOLE-- [fill = 0]
                  0100655c    00000028                 : prcm.obj (.text:PRCMPeripheralClkDisable)
                  01006584    00000028     drivers_cc32xx.a : PowerCC32XX.oem4 (.text:Power_registerNotify)
                  010065ac    00000028     rtsv7M4_T_le_eabi.lib : memory.c.obj (.text:free_list_insert)
                  010065d4    00000026     driverlib.a : i2c.obj (.text:I2CFIFODataGetNonBlocking)
                  010065fa    00000026     drivers_cc32xx.a : I2C.oem4 (.text:I2C_cancel)
                  01006620    00000026                      : List.oem4 (.text:List_put)
                  01006646    00000026                      : List.oem4 (.text:List_remove)
                  0100666c    00000024     nortos_cc32xx.a : HwiPCC32XX_nortos.oem4 (.text:HwiP_dispatch)
                  01006690    00000024     drivers_cc32xx.a : PowerCC32XX.oem4 (.text:PowerCC32XX_reset)
                  010066b4    00000024     rtsv7M4_T_le_eabi.lib : boot_cortex_m.c.obj (.text:_c_int00_noargs:_c_int00_noargs)
                  010066d8    00000022     driverlib.a : i2c.obj (.text:I2CMasterSlaveAddrSet)
                  010066fa    00000020     nortos_cc32xx.a : HwiPCC32XX_nortos.oem4 (.text:HwiP_destruct)
                  0100671a    00000002     --HOLE-- [fill = 0]
                  0100671c    00000020     drivers_cc32xx.a : PowerCC32XX.oem4 (.text:Power_unregisterNotify)
                  0100673c    00000020                      : RingBuf.oem4 (.text:RingBuf_peek)
                  0100675c    00000020                      : UARTCC32XX.oem4 (.text:getPowerMgrId)
                  0100677c    0000001e     driverlib.a : i2c.obj (.text:I2CMasterIntStatusEx)
                  0100679a    0000001e     nortos_cc32xx.a : SemaphoreP_nortos.oem4 (.text:SemaphoreP_constructBinary)
                  010067b8    0000001e     driverlib.a : timer.obj (.text:TimerDisable)
                  010067d6    0000001e                 : timer.obj (.text:TimerEnable)
                  010067f4    0000001c                 : pin.obj (.text:PinToPadGet)
                  01006810    0000001c     nortos_cc32xx.a : SwiP_nortos.oem4 (.text:SwiP_disable)
                  0100682c    0000001c     rtsv7M4_T_le_eabi.lib : copy_zero_init.c.obj (.text:decompress:ZI:__TI_zero_init_nomemset:__TI_zero_init_nomemset)
                  01006848    0000001c                           : memory.c.obj (.text:free_list_remove)
                  01006864    0000001c                           : memccpy.c.obj (.text:memccpy)
                  01006880    0000001a     nortos_cc32xx.a : ClockPSysTick_nortos.oem4 (.text:ClockP_create)
                  0100689a    0000001a                     : SemaphoreP_nortos.oem4 (.text:SemaphoreP_createBinary)
                  010068b4    0000001a                     : startup_cc32xx_ccs.oem4 (.text:resetISR)
                  010068ce    00000018     driverlib.a : i2c.obj (.text:I2CMasterBusBusy)
                  010068e6    00000018                 : i2c.obj (.text:I2CMasterIntDisableEx)
                  010068fe    00000018                 : i2c.obj (.text:I2CMasterIntEnableEx)
                  01006916    00000018                 : i2c.obj (.text:I2CRxFIFOFlush)
                  0100692e    00000018                 : i2c.obj (.text:I2CTxFIFOFlush)
                  01006946    00000002     --HOLE-- [fill = 0]
                  01006948    00000018     drivers_cc32xx.a : PowerCC32XX.oem4 (.text:Power_getTransitionLatency)
                  01006960    00000018                      : PowerCC32XX.oem4 (.text:Power_idleFunc)
                  01006978    00000018                      : TimerCC32XX.oem4 (.text:TimerCC32XX_getCount)
                  01006990    00000018     driverlib.a : timer.obj (.text:TimerIntDisable)
                  010069a8    00000018                 : timer.obj (.text:TimerIntEnable)
                  010069c0    00000018                 : uart.obj (.text:UARTBusy)
                  010069d8    00000018                 : uart.obj (.text:UARTIntEnable)
                  010069f0    00000018     drivers_cc32xx.a : UART.oem4 (.text:UART_Params_init)
                  01006a08    00000018     rtsv7M4_T_le_eabi.lib : snprintf.c.obj (.text:_outc)
                  01006a20    00000018     gpiointerrupt.obj (.text:lowerTempButton)
                  01006a38    00000018     gpiointerrupt.obj (.text:raiseTempButton)
                  01006a50    00000018     rtsv7M4_T_le_eabi.lib : ll_mul_t2.asm.obj (.text)
                  01006a68    00000018     gpiointerrupt.obj (.text:timerCallback)
                  01006a80    00000016     driverlib.a : i2c.obj (.text:I2CMasterBurstLengthSet)
                  01006a96    00000016                 : prcm.obj (.text:PRCMHIBRegRead)
                  01006aac    00000016                 : prcm.obj (.text:PRCMHIBRegWrite)
                  01006ac2    00000016     nortos_cc32xx.a : SemaphoreP_nortos.oem4 (.text:SemaphoreP_create)
                  01006ad8    00000016     rtsv7M4_T_le_eabi.lib : strchr.c.obj (.text:strchr)
                  01006aee    00000014     driverlib.a : cpu.obj (.text:CPUcpsid)
                  01006b02    00000002     --HOLE-- [fill = 0]
                  01006b04    00000014     nortos_cc32xx.a : HwiPCC32XX_nortos.oem4 (.text:HwiP_inISR)
                  01006b18    00000014     drivers_cc32xx.a : I2CCC32XX.oem4 (.text:I2CSupport_masterFinish)
                  01006b2c    00000014                      : I2C.oem4 (.text:I2C_transfer)
                  01006b40    00000014     driverlib.a : interrupt.obj (.text:IntVTableBaseSet)
                  01006b54    00000014     drivers_cc32xx.a : PowerCC32XX.oem4 (.text:Power_disablePolicy)
                  01006b68    00000014                      : PowerCC32XX.oem4 (.text:Power_getDependencyCount)
                  01006b7c    00000014                      : UARTCC32XX.oem4 (.text:releasePowerConstraint)
                  01006b90    00000014     rtsv7M4_T_le_eabi.lib : strlen.c.obj (.text:strlen)
                  01006ba4    00000012     nortos_cc32xx.a : HwiPCC32XX_nortos.oem4 (.text:HwiP_Params_init)
                  01006bb6    00000012     driverlib.a : i2c.obj (.text:I2CMasterIntClearEx)
                  01006bc8    00000012     drivers_cc32xx.a : RingBuf.oem4 (.text:RingBuf_construct)
                  01006bda    00000012     driverlib.a : timer.obj (.text:TimerIntClear)
                  01006bec    00000012     main_nortos.obj (.text:main)
                  01006bfe    00000012     rtsv7M4_T_le_eabi.lib : wcslen.c.obj (.text:wcslen)
                  01006c10    00000010     ti_drivers_config.obj (.text:Board_init)
                  01006c20    00000010     nortos_cc32xx.a : ClockPSysTick_nortos.oem4 (.text:ClockP_add)
                  01006c30    00000010                     : ClockPSysTick_nortos.oem4 (.text:ClockP_delete)
                  01006c40    00000010                     : ClockPSysTick_nortos.oem4 (.text:ClockP_getCpuFreq)
                  01006c50    00000010                     : ClockPSysTick_nortos.oem4 (.text:ClockP_getSystemTicks)
                  01006c60    00000010                     : ClockPSysTick_nortos.oem4 (.text:ClockP_setTicks)
                  01006c70    00000010                     : HwiPCC32XX_nortos.oem4 (.text:HwiP_delete)
                  01006c80    00000010                     : HwiPCC32XX_nortos.oem4 (.text:HwiP_restore)
                  01006c90    00000010     driverlib.a : i2c.obj (.text:I2CFIFOStatus)
                  01006ca0    00000010     drivers_cc32xx.a : I2C.oem4 (.text:I2C_Params_init)
                  01006cb0    00000010                      : PowerCC32XX.oem4 (.text:Power_enablePolicy)
                  01006cc0    00000010     nortos_cc32xx.a : SemaphoreP_nortos.oem4 (.text:SemaphoreP_Params_init)
                  01006cd0    00000010     drivers_cc32xx.a : Timer.oem4 (.text:Timer_Params_init)
                  01006ce0    00000010                      : UARTCC32XX.oem4 (.text:readBlockingTimeout)
                  01006cf0    0000000e     nortos_cc32xx.a : HwiPCC32XX_nortos.oem4 (.text:HwiP_clearInterrupt)
                  01006cfe    0000000e                     : HwiPCC32XX_nortos.oem4 (.text:HwiP_disable)
                  01006d0c    0000000e                     : HwiPCC32XX_nortos.oem4 (.text:HwiP_disableInterrupt)
                  01006d1a    0000000e                     : HwiPCC32XX_nortos.oem4 (.text:HwiP_enable)
                  01006d28    0000000e                     : HwiPCC32XX_nortos.oem4 (.text:HwiP_enableInterrupt)
                  01006d36    0000000e     drivers_cc32xx.a : I2CCC32XX.oem4 (.text:I2CCC32XX_updateReg)
                  01006d44    0000000e                      : RingBuf.oem4 (.text:RingBuf_isFull)
                  01006d52    0000000e     rtsv7M4_T_le_eabi.lib : copy_decompress_none.c.obj (.text:decompress:none:__TI_decompress_none)
                  01006d60    0000000c     drivers_cc32xx.a : I2CCC32XX.oem4 (.text:I2CCC32XX_postNotify)
                  01006d6c    0000000c                      : PowerCC32XX.oem4 (.text:Power_getConstraintMask)
                  01006d78    0000000c     rtsv7M4_T_le_eabi.lib : s_copysign.c.obj (.text:copysign)
                  01006d84    0000000c     drivers_cc32xx.a : TimerCC32XX.oem4 (.text:postNotifyFxn)
                  01006d90    0000000c                      : UARTCC32XX.oem4 (.text:postNotifyFxn)
                  01006d9c    0000000a     nortos_cc32xx.a : ClockPSysTick_nortos.oem4 (.text:ClockP_Params_init)
                  01006da6    0000000a                     : ClockPSysTick_nortos.oem4 (.text:ClockP_isActive)
                  01006db0    0000000a     driverlib.a : interrupt.obj (.text:IntMasterDisable)
                  01006dba    0000000a     drivers_cc32xx.a : Timer.oem4 (.text:Timer_start)
                  01006dc4    0000000a                      : UART.oem4 (.text:UART_write)
                  01006dce    00000008                      : I2CCC32XX.oem4 (.text:I2CCC32XX_blockingCallback)
                  01006dd6    00000002     --HOLE-- [fill = 0]
                  01006dd8    00000008     rtsv7M4_T_le_eabi.lib : errno.c.obj (.text:__aeabi_errno_addr)
                  01006de0    00000008                           : memory.c.obj (.text:malloc)
                  01006de8    00000008     drivers_cc32xx.a : UARTCC32XX.oem4 (.text:readSemCallback)
                  01006df0    00000008                      : UARTCC32XX.oem4 (.text:writeSemCallback)
                  01006df8    00000006                      : I2CCC32XX.oem4 (.text:I2CSupport_powerRelConstraint)
                  01006dfe    00000006                      : I2CCC32XX.oem4 (.text:I2CSupport_powerSetConstraint)
                  01006e04    00000006                      : TimerCC32XX.oem4 (.text:TimerCC32XX_control)
                  01006e0a    00000006     driverlib.a : utils.obj (.text:UtilsDelay)
                  01006e10    00000004     nortos_cc32xx.a : ClockPSysTick_nortos.oem4 (.text:ClockP_setTimeout)
                  01006e14    00000004                     : HwiPCC32XX_nortos.oem4 (.text:HwiP_post)
                  01006e18    00000004                     : SemaphoreP_nortos.oem4 (.text:SemaphoreP_delete)
                  01006e1c    00000004     rtsv7M4_T_le_eabi.lib : pre_init.c.obj (.text:_system_pre_init)
                  01006e20    00000004                           : exit.c.obj (.text:abort:abort)

.const     0    01006e24    0000051a     
                  01006e24    00000101     rtsv7M4_T_le_eabi.lib : ctype.c.obj (.const:.string:_ctypes_)
                  01006f25    00000003     --HOLE-- [fill = 0]
                  01006f28    00000100     driverlib.a : pin.obj (.const:g_ulPinToPadMap)
                  01007028    000000a8                 : prcm.obj (.const:PRCM_PeriphRegsList)
                  010070d0    00000044     ti_drivers_config.obj (.const:PowerCC32XX_config)
                  01007114    00000028     drivers_cc32xx.a : UARTCC32XX.oem4 (.const:UARTCC32XX_fxnTable)
                  0100713c    00000024                      : UART.oem4 (.const:UART_defaultParams)
                  01007160    00000024     ti_drivers_config.obj (.const:uartCC32XXHWAttrs0)
                  01007184    00000021     drivers_cc32xx.a : GPIOCC32XX.oem4 (.const:.string:pinTable)
                  010071a5    00000003     --HOLE-- [fill = 0]
                  010071a8    00000020                      : TimerCC32XX.oem4 (.const:TimerCC32XX_fxnTable)
                  010071c8    00000020                      : UARTCC32XX.oem4 (.const:staticFxnTable)
                  010071e8    00000018     driverlib.a : interrupt.obj (.const:g_pulEnRegs)
                  01007200    00000018                 : interrupt.obj (.const:g_pulPendRegs)
                  01007218    00000018     gpiointerrupt.obj (.const:sensors)
                  01007230    00000014     ti_drivers_config.obj (.const:GPIOCC32XX_config)
                  01007244    00000014     drivers_cc32xx.a : GPIOCC32XX.oem4 (.const:gpioBaseAddresses)
                  01007258    00000014     ti_drivers_config.obj (.const:i2cCC32XXHWAttrs)
                  0100726c    00000014     drivers_cc32xx.a : UARTCC32XX.oem4 (.const:parityType)
                  01007280    00000014                      : GPIOCC32XX.oem4 (.const:powerResources)
                  01007294    00000010                      : I2C.oem4 (.const:I2C_defaultParams)
                  010072a4    00000010                      : I2CCC32XX.oem4 (.const:I2C_defaultParams)
                  010072b4    00000010                      : UARTCC32XX.oem4 (.const:dataLength)
                  010072c4    00000010     ti_drivers_config.obj (.const:timerCC32XXHWAttrs)
                  010072d4    0000000c     gpiointerrupt.obj (.const:.string)
                  010072e0    0000000c     ti_drivers_config.obj (.const:Timer_config)
                  010072ec    0000000c     ti_drivers_config.obj (.const:UART_config)
                  010072f8    0000000c     drivers_cc32xx.a : Timer.oem4 (.const:defaultParams)
                  01007304    00000009     ti_drivers_config.obj (.const)
                  0100730d    00000003     --HOLE-- [fill = 0]
                  01007310    00000008     ti_drivers_config.obj (.const:I2C_config)
                  01007318    00000008     drivers_cc32xx.a : GPIOCC32XX.oem4 (.const:outPinTypes)
                  01007320    00000008                      : UARTCC32XX.oem4 (.const:stopBits)
                  01007328    00000006                      : GPIOCC32XX.oem4 (.const:.string:interruptType)
                  0100732e    00000006                      : GPIOCC32XX.oem4 (.const:inPinTypes)
                  01007334    00000006                      : GPIOCC32XX.oem4 (.const:outPinStrengths)
                  0100733a    00000004                      : GPIOCC32XX.oem4 (.const:.string:portInterruptIds)

.cinit     0    01007340    000000f0     
                  01007340    000000ca     (.cinit..data.load) [load image, compression = lzss]
                  0100740a    00000002     --HOLE-- [fill = 0]
                  0100740c    0000000c     (__TI_handler_table)
                  01007418    00000008     (.cinit..bss.load) [load image, compression = zero_init]
                  01007420    00000010     (__TI_cinit_table)

.init_array 
*          0    01000800    00000000     UNINITIALIZED

.ramVecs   0    20000000    0000030c     NOLOAD SECTION
                  20000000    0000030c     nortos_cc32xx.a : startup_cc32xx_ccs.oem4 (.ramVecs)

.sysmem    0    20000310    00008000     UNINITIALIZED
                  20000310    00000010     rtsv7M4_T_le_eabi.lib : memory.c.obj (.sysmem)
                  20000320    00007ff0     --HOLE--

.data      0    20008310    000005d0     UNINITIALIZED
                  20008310    0000030c     nortos_cc32xx.a : HwiPCC32XX_nortos.oem4 (.data:HwiP_dispatchTable)
                  2000861c    0000016c     drivers_cc32xx.a : PowerCC32XX.oem4 (.data:PowerCC32XX_module)
                  20008788    000000f8     ti_drivers_config.obj (.data:parkInfo)
                  20008880    00000010     gpiointerrupt.obj (.data)
                  20008890    0000000c     ti_drivers_config.obj (.data:gpioCallbackFunctions)
                  2000889c    0000000c     ti_drivers_config.obj (.data:gpioPinConfigs)
                  200088a8    00000009     drivers_cc32xx.a : GPIOCC32XX.oem4 (.data)
                  200088b1    00000003     nortos_cc32xx.a : SemaphoreP_nortos.oem4 (.data)
                  200088b4    00000008     rtsv7M4_T_le_eabi.lib : _lock.c.obj (.data:$O1$$)
                  200088bc    00000008                           : memory.c.obj (.data:$O1$$)
                  200088c4    00000008     nortos_cc32xx.a : SemaphoreP_nortos.oem4 (.data:SemaphoreP_defaultParams)
                  200088cc    00000008                     : HwiPCC32XX_nortos.oem4 (.data)
                  200088d4    00000005                     : ClockPSysTick_nortos.oem4 (.data)
                  200088d9    00000001     drivers_cc32xx.a : Timer.oem4 (.data)
                  200088da    00000001                      : UART.oem4 (.data)
                  200088db    00000001     --HOLE--
                  200088dc    00000004     rtsv7M4_T_le_eabi.lib : errno.c.obj (.data)

.bss       0    200088e0    000003d4     UNINITIALIZED
                  200088e0    0000012c     (.common:PowerCC32XX_contextSave)
                  20008a0c    000000fc     (.common:i2cCC32XXObjects)
                  20008b08    00000084     (.common:uartCC32XXObjects0)
                  20008b8c    00000040     (.common:output)
                  20008bcc    00000034     (.common:timerCC32XXObjects)
                  20008c00    00000020     drivers_cc32xx.a : GPIOCC32XX.oem4 (.bss:gpioCallbackInfo)
                  20008c20    00000020     ti_drivers_config.obj (.bss:uartCC32XXRingBuffer0)
                  20008c40    00000020     (.common:i2cTransaction)
                  20008c60    00000014     drivers_cc32xx.a : GPIOCC32XX.oem4 (.bss:powerNotifyObj)
                  20008c74    00000004                      : GPIOCC32XX.oem4 (.bss)
                  20008c78    00000010     (.common:ClockP_ctrl)
                  20008c88    0000000d     nortos_cc32xx.a : SwiP_nortos.oem4 (.bss)
                  20008c95    00000003     --HOLE--
                  20008c98    00000004                     : ClockPSysTick_nortos.oem4 (.bss)
                  20008c9c    00000004     drivers_cc32xx.a : TimerCC32XX.oem4 (.bss:timerState)
                  20008ca0    00000004     (.common:i2c)
                  20008ca4    00000004     (.common:rxBuffer)
                  20008ca8    00000004     (.common:timer0)
                  20008cac    00000004     (.common:txBuffer)
                  20008cb0    00000004     (.common:uart)

.stack     0    2003f000    00001000     UNINITIALIZED
                  2003f000    00000004     rtsv7M4_T_le_eabi.lib : boot_cortex_m.c.obj (.stack)
                  2003f004    00000ffc     --HOLE--

.log_data 
*          0    90000000    00000000     COPY SECTION

__llvm_prf_cnts 
*          0    20000000    00000000     UNINITIALIZED

.binit     0    01000000    00000000     

MODULE SUMMARY

       Module                       code    ro data   rw data
       ------                       ----    -------   -------
    .\
       gpiointerrupt.obj            1564    36        132    
       main_nortos.obj              18      0         0      
    +--+----------------------------+-------+---------+---------+
       Total:                       1582    36        132    
                                                             
    .\syscfg\
       ti_drivers_config.obj        18      201       740    
    +--+----------------------------+-------+---------+---------+
       Total:                       18      201       740    
                                                             
    C:/ti/simplelink_cc32xx_sdk_4_30_00_06/kernel/nortos/lib/ccs/m4/nortos_cc32xx.a
       HwiPCC32XX_nortos.oem4       394     0         788    
       startup_cc32xx_ccs.oem4      90      64        780    
       ClockPSysTick_nortos.oem4    702     0         25     
       PowerCC32XX_nortos.oem4      472     0         0      
       SemaphoreP_nortos.oem4       408     0         11     
       SwiP_nortos.oem4             96      0         13     
    +--+----------------------------+-------+---------+---------+
       Total:                       2162    64        1617   
                                                             
    C:/ti/simplelink_cc32xx_sdk_4_30_00_06/source/ti/devices/cc32xx/driverlib/ccs/Release/driverlib.a
       prcm.obj                     1604    168       0      
       pin.obj                      280     256       0      
       interrupt.obj                334     48        0      
       i2c.obj                      318     0         0      
       timer.obj                    264     0         0      
       flash.obj                    72      0         0      
       uart.obj                     48      0         0      
       cpu.obj                      20      0         0      
       utils.obj                    6       0         0      
    +--+----------------------------+-------+---------+---------+
       Total:                       2946    472       0      
                                                             
    C:/ti/simplelink_cc32xx_sdk_4_30_00_06/source/ti/drivers/lib/ccs/m4/drivers_cc32xx.a
       UARTCC32XX.oem4              3466    116       0      
       PowerCC32XX.oem4             2432    0         664    
       I2CCC32XX.oem4               1452    16        0      
       GPIOCC32XX.oem4              1208    103       65     
       TimerCC32XX.oem4             1132    32        4      
       I2C.oem4                     366     16        0      
       UART.oem4                    166     36        1      
       RingBuf.oem4                 198     0         0      
       Timer.oem4                   158     12        1      
       PowerCC32XX_asm.oem4         150     0         0      
       List.oem4                    76      0         0      
    +--+----------------------------+-------+---------+---------+
       Total:                       10804   331       735    
                                                             
    C:\ti\ccs1240\ccs\tools\compiler\ti-cgt-arm_20.2.7.LTS\lib\rtsv7M4_T_le_eabi.lib
       _printfi.c.obj               4835    0         0      
       memory.c.obj                 672     0         8      
       fd_add_t2.asm.obj            438     0         0      
       fd_div_t2.asm.obj            310     0         0      
       fd_cmp_t2.asm.obj            268     0         0      
       ctype.c.obj                  0       257       0      
       fd_mul_t2.asm.obj            252     0         0      
       s_scalbn.c.obj               208     0         0      
       memcpy_t2.asm.obj            156     0         0      
       ull_div_t2.asm.obj           150     0         0      
       snprintf.c.obj               148     0         0      
       fs_mul_t2.asm.obj            122     0         0      
       memset_t2.asm.obj            122     0         0      
       copy_decompress_lzss.c.obj   104     0         0      
       s_frexp.c.obj                92      0         0      
       _ltoa.c.obj                  84      0         0      
       atoi.c.obj                   76      0         0      
       fd_toi_t2.asm.obj            72      0         0      
       autoinit.c.obj               68      0         0      
       fs_toi_t2.asm.obj            56      0         0      
       i_tofs_t2.asm.obj            56      0         0      
       i_tofd_t2.asm.obj            46      0         0      
       boot_cortex_m.c.obj          36      0         0      
       copy_zero_init.c.obj         28      0         0      
       memccpy.c.obj                28      0         0      
       ll_mul_t2.asm.obj            24      0         0      
       strchr.c.obj                 22      0         0      
       strlen.c.obj                 20      0         0      
       wcslen.c.obj                 18      0         0      
       copy_decompress_none.c.obj   14      0         0      
       errno.c.obj                  8       0         4      
       s_copysign.c.obj             12      0         0      
       _lock.c.obj                  2       0         8      
       exit.c.obj                   4       0         0      
       pre_init.c.obj               4       0         0      
       div0.asm.obj                 2       0         0      
    +--+----------------------------+-------+---------+---------+
       Total:                       8557    257       20     
                                                             
       Heap:                        0       0         32768  
       Stack:                       0       0         4096   
       Linker Generated:            0       238       0      
    +--+----------------------------+-------+---------+---------+
       Grand Total:                 26069   1599      40108  


LINKER GENERATED COPY TABLES

__TI_cinit_table @ 01007420 records: 2, size/record: 8, table size: 16
	.data: load addr=01007340, load size=000000ca bytes, run addr=20008310, run size=000005d0 bytes, compression=lzss
	.bss: load addr=01007418, load size=00000008 bytes, run addr=200088e0, run size=000003d4 bytes, compression=zero_init


LINKER GENERATED HANDLER TABLE

__TI_handler_table @ 0100740c records: 3, size/record: 4, table size: 12
	index: 0, handler: __TI_decompress_lzss
	index: 1, handler: __TI_decompress_none
	index: 2, handler: __TI_zero_init


GLOBAL SYMBOLS: SORTED ALPHABETICALLY BY Name 

address   name                             
-------   ----                             
01006c11  Board_init                       
0100128f  Board_initHook                   
01006e21  C$$EXIT                          
01007304  CONFIG_GPIO_BUTTON_0_CONST       
01007305  CONFIG_GPIO_BUTTON_1_CONST       
01007306  CONFIG_GPIO_LED_0_CONST          
01007307  CONFIG_I2C_0_CONST               
01007309  CONFIG_TIMER_0_CONST             
0100730b  CONFIG_UART_0_CONST              
01006aef  CPUcpsid                         
01006d9d  ClockP_Params_init               
01006c21  ClockP_add                       
01005db9  ClockP_construct                 
01006881  ClockP_create                    
20008c78  ClockP_ctrl                      
01006c31  ClockP_delete                    
01005f79  ClockP_destruct                  
0100561d  ClockP_doTick                    
01006c41  ClockP_getCpuFreq                
01006c51  ClockP_getSystemTicks            
01006291  ClockP_getTicksUntilInterrupt    
01006da7  ClockP_isActive                  
01006c61  ClockP_setTicks                  
01006e11  ClockP_setTimeout                
010063c9  ClockP_start                     
010062c5  ClockP_startup                   
01005b11  ClockP_stop                      
0100561d  ClockP_sysTickHandler            
200088d4  ClockP_tickPeriod                
010058d5  FlashDisable                     
01007230  GPIOCC32XX_config                
0100570d  GPIO_enableInt                   
01004be5  GPIO_hwiIntFxn                   
01003755  GPIO_init                        
01005161  GPIO_setCallback                 
01001dfd  GPIO_setConfig                   
01005275  GPIO_write                       
01006ba5  HwiP_Params_init                 
01006cf1  HwiP_clearInterrupt              
01004541  HwiP_construct                   
010064b5  HwiP_create                      
01006c71  HwiP_delete                      
010066fb  HwiP_destruct                    
01006cff  HwiP_disable                     
01006d0d  HwiP_disableInterrupt            
0100666d  HwiP_dispatch                    
01006d1b  HwiP_enable                      
01006d29  HwiP_enableInterrupt             
01006b05  HwiP_inISR                       
200088cc  HwiP_key                         
01006e15  HwiP_post                        
01006c81  HwiP_restore                     
200088d0  HwiP_swiPIntNum                  
010065d5  I2CFIFODataGetNonBlocking        
01006533  I2CFIFODataPutNonBlocking        
01006c91  I2CFIFOStatus                    
01006a81  I2CMasterBurstLengthSet          
010068cf  I2CMasterBusBusy                 
01006bb7  I2CMasterIntClearEx              
010068e7  I2CMasterIntDisableEx            
010068ff  I2CMasterIntEnableEx             
0100677d  I2CMasterIntStatusEx             
010066d9  I2CMasterSlaveAddrSet            
01006917  I2CRxFIFOFlush                   
01006b19  I2CSupport_masterFinish          
01006df9  I2CSupport_powerRelConstraint    
01006dff  I2CSupport_powerSetConstraint    
01004e9f  I2CSupport_primeTransfer         
0100692f  I2CTxFIFOFlush                   
01006ca1  I2C_Params_init                  
010065fb  I2C_cancel                       
01007310  I2C_config                       
01007308  I2C_count                        
01007294  I2C_defaultParams                
01002363  I2C_init                         
010031e9  I2C_open                         
01006b2d  I2C_transfer                     
01002c65  I2C_transferTimeout              
UNDEFED   ITM_flush                        
UNDEFED   ITM_restore                      
01003e6d  IntEnable                        
01006db1  IntMasterDisable                 
010045cd  IntPendSet                       
01006b41  IntVTableBaseSet                 
01006621  List_put                         
01006647  List_remove                      
01006d1b  NoRTOS_start                     
01001291  PRCMCC3200MCUInit                
01006a97  PRCMHIBRegRead                   
01006aad  PRCMHIBRegWrite                  
0100591d  PRCMLPDSEnter                    
01006065  PRCMLPDSEnterKeepDebugIf         
01005b55  PRCMLPDSRestoreInfoSet           
0100655d  PRCMPeripheralClkDisable         
01005965  PRCMPeripheralClkEnable          
010052cd  PRCMPeripheralReset              
010050a1  PRCMSysResetCauseGet             
01004655  PinConfigSet                     
010062f9  PinModeGet                       
01005df9  PinModeSet                       
010067f5  PinToPadGet                      
010070d0  PowerCC32XX_config               
01003f15  PowerCC32XX_configureWakeup      
200088e0  PowerCC32XX_contextSave          
01005b99  PowerCC32XX_enterLPDS            
01006489  PowerCC32XX_getParkState         
01002b3b  PowerCC32XX_initPolicy           
2000861c  PowerCC32XX_module               
010057a5  PowerCC32XX_parkPin              
01006691  PowerCC32XX_reset                
0100632d  PowerCC32XX_restoreParkState     
010063f9  PowerCC32XX_restoreParkedPin     
01005525  PowerCC32XX_resumeLPDS           
01004fd9  PowerCC32XX_setParkState         
01002365  PowerCC32XX_sleepPolicy          
01006b55  Power_disablePolicy              
01006cb1  Power_enablePolicy               
01006d6d  Power_getConstraintMask          
01006b69  Power_getDependencyCount         
01006949  Power_getTransitionLatency       
01006961  Power_idleFunc                   
01004871  Power_init                       
01006585  Power_registerNotify             
010059ad  Power_releaseConstraint          
01005325  Power_releaseDependency          
01005fb5  Power_setConstraint              
01004979  Power_setDependency              
010028cd  Power_sleep                      
0100671d  Power_unregisterNotify           
01006bc9  RingBuf_construct                
01005e39  RingBuf_get                      
01006d45  RingBuf_isFull                   
0100673d  RingBuf_peek                     
01005a85  RingBuf_put                      
01006cc1  SemaphoreP_Params_init           
0100566d  SemaphoreP_construct             
0100679b  SemaphoreP_constructBinary       
01006ac3  SemaphoreP_create                
0100689b  SemaphoreP_createBinary          
200088c4  SemaphoreP_defaultParams         
01006e19  SemaphoreP_delete                
010041a9  SemaphoreP_pend                  
01005bdd  SemaphoreP_post                  
01006811  SwiP_disable                     
01005c21  SwiP_restore                     
010056bd  TimerCC32XX_allocateTimerResource
01005ff1  TimerCC32XX_close                
01006e05  TimerCC32XX_control              
01006361  TimerCC32XX_freeTimerResource    
010071a8  TimerCC32XX_fxnTable             
01006979  TimerCC32XX_getCount             
01002d87  TimerCC32XX_init                 
01002b3d  TimerCC32XX_open                 
010046dd  TimerCC32XX_setPeriod            
01004c5d  TimerCC32XX_start                
0100537d  TimerCC32XX_stop                 
01006225  TimerControlStall                
010067b9  TimerDisable                     
010067d7  TimerEnable                      
2000888f  TimerFlag                        
01006bdb  TimerIntClear                    
01006991  TimerIntDisable                  
010069a9  TimerIntEnable                   
010064df  TimerLoadSet                     
01006509  TimerPrescaleSet                 
01006cd1  Timer_Params_init                
010072e0  Timer_config                     
0100730a  Timer_count                      
01005c65  Timer_init                       
01005e79  Timer_open                       
01006dbb  Timer_start                      
010069c1  UARTBusy                         
01002d89  UARTCC32XX_close                 
010033e1  UARTCC32XX_control               
01007114  UARTCC32XX_fxnTable              
010034d3  UARTCC32XX_init                  
010016bd  UARTCC32XX_open                  
01005eb9  UARTCC32XX_read                  
0100625b  UARTCC32XX_readCancel            
010038d9  UARTCC32XX_readPolling           
01003689  UARTCC32XX_write                 
01004f71  UARTCC32XX_writeCancel           
0100503d  UARTCC32XX_writePolling          
010069d9  UARTIntEnable                    
010069f1  UART_Params_init                 
010072ec  UART_config                      
0100730c  UART_count                       
0100713c  UART_defaultParams               
01005ca9  UART_init                        
01005ef9  UART_open                        
01006dc5  UART_write                       
01006e0b  UtilsDelay                       
20040000  __STACK_END                      
00001000  __STACK_SIZE                     
00008000  __SYSMEM_SIZE                    
01007420  __TI_CINIT_Base                  
01007430  __TI_CINIT_Limit                 
0100740c  __TI_Handler_Table_Base          
01007418  __TI_Handler_Table_Limit         
01005ced  __TI_auto_init_nobinit_nopinit   
01004f09  __TI_decompress_lzss             
01006d53  __TI_decompress_none             
01005429  __TI_ltoa                        
ffffffff  __TI_pprof_out_hndl              
01000841  __TI_printfi                     
ffffffff  __TI_prof_data_size              
ffffffff  __TI_prof_data_start             
01007340  __TI_static_base__               
0100682d  __TI_zero_init_nomemset          
01004765  __aeabi_cdcmpeq                  
01004765  __aeabi_cdcmple                  
010047eb  __aeabi_cdrcmple                 
01005a3d  __aeabi_d2iz                     
010021b7  __aeabi_dadd                     
01002a05  __aeabi_ddiv                     
010032e5  __aeabi_dmul                     
010021ad  __aeabi_dsub                     
01006dd9  __aeabi_errno_addr               
010061b5  __aeabi_f2iz                     
01004aef  __aeabi_fmul                     
01006459  __aeabi_i2d                      
010061ed  __aeabi_i2f                      
0100561b  __aeabi_idiv0                    
0100561b  __aeabi_ldiv0                    
01006a51  __aeabi_lmul                     
01004b69  __aeabi_memclr                   
01004b69  __aeabi_memclr4                  
01004b69  __aeabi_memclr8                  
010042e5  __aeabi_memcpy                   
010042e5  __aeabi_memcpy4                  
010042e5  __aeabi_memcpy8                  
01004b6b  __aeabi_memset                   
01004b6b  __aeabi_memset4                  
01004b6b  __aeabi_memset8                  
01004419  __aeabi_uldivmod                 
ffffffff  __binit__                        
ffffffff  __c_args__                       
UNDEFED   __mpu_init                       
2003f000  __stack                          
20000000  __start___llvm_prf_cnts          
20000000  __stop___llvm_prf_cnts           
010066b5  _c_int00_noargs                  
01006e24  _ctypes_                         
200088b4  _lock                            
01003753  _nop                             
20000310  _sys_memory                      
UNDEFED   _system_post_cinit               
01006e1d  _system_pre_init                 
200088b8  _unlock                          
01006e21  abort                            
010030e9  aligned_alloc                    
010057f1  atoi                             
ffffffff  binit                            
0100610d  checkButtonFlags                 
01005d31  checkTempAndIfHeatOn             
010044af  clkFxn                           
01006d79  copysign                         
01006d79  copysignl                        
200088dc  errno                            
010034d5  free                             
010051bd  frexp                            
010051bd  frexpl                           
20008890  gpioCallbackFunctions            
2000889c  gpioPinConfigs                   
20008ca0  i2c                              
01007258  i2cCC32XXHWAttrs                 
20008a0c  i2cCC32XXObjects                 
20008c40  i2cTransaction                   
0100732e  inPinTypes                       
010059f5  initGPIO                         
01001bad  initI2C                          
0100547d  initTimer                        
01005d75  initUART                         
01006145  initVectors                      
2000888c  isHeatOn                         
010035b9  ldexp                            
010035b9  ldexpl                           
01006a21  lowerTempButton                  
01006bed  main                             
01003fbd  mainThread                       
01006de1  malloc                           
010030e9  memalign                         
01006865  memccpy                          
010042e5  memcpy                           
01004b71  memset                           
01007334  outPinStrengths                  
01007318  outPinTypes                      
20008b8c  output                           
20008788  parkInfo                         
01006a39  raiseTempButton                  
01002fc9  readTemp                         
010068b5  resetISR                         
010068c8  resetVectorAddr                  
01000800  resetVectors                     
20008ca4  rxBuffer                         
010035b9  scalbn                           
010035b9  scalbnl                          
20008888  secondsPassed                    
01005101  sendInfoToUART                   
20008880  setPoint                         
2000888d  shouldLowerSetPoint              
2000888e  shouldRaiseSetPoint              
01005889  snprintf                         
01006ad9  strchr                           
01006b91  strlen                           
20008884  temp                             
20008ca8  timer0                           
010072c4  timerCC32XXHWAttrs               
20008bcc  timerCC32XXObjects               
01006a69  timerCallback                    
20008cac  txBuffer                         
20008cb0  uart                             
20008b08  uartCC32XXObjects0               
01006bff  wcslen                           


GLOBAL SYMBOLS: SORTED BY Symbol Address 

address   name                             
-------   ----                             
00001000  __STACK_SIZE                     
00008000  __SYSMEM_SIZE                    
01000800  resetVectors                     
01000841  __TI_printfi                     
0100128f  Board_initHook                   
01001291  PRCMCC3200MCUInit                
010016bd  UARTCC32XX_open                  
01001bad  initI2C                          
01001dfd  GPIO_setConfig                   
010021ad  __aeabi_dsub                     
010021b7  __aeabi_dadd                     
01002363  I2C_init                         
01002365  PowerCC32XX_sleepPolicy          
010028cd  Power_sleep                      
01002a05  __aeabi_ddiv                     
01002b3b  PowerCC32XX_initPolicy           
01002b3d  TimerCC32XX_open                 
01002c65  I2C_transferTimeout              
01002d87  TimerCC32XX_init                 
01002d89  UARTCC32XX_close                 
01002fc9  readTemp                         
010030e9  aligned_alloc                    
010030e9  memalign                         
010031e9  I2C_open                         
010032e5  __aeabi_dmul                     
010033e1  UARTCC32XX_control               
010034d3  UARTCC32XX_init                  
010034d5  free                             
010035b9  ldexp                            
010035b9  ldexpl                           
010035b9  scalbn                           
010035b9  scalbnl                          
01003689  UARTCC32XX_write                 
01003753  _nop                             
01003755  GPIO_init                        
010038d9  UARTCC32XX_readPolling           
01003e6d  IntEnable                        
01003f15  PowerCC32XX_configureWakeup      
01003fbd  mainThread                       
010041a9  SemaphoreP_pend                  
010042e5  __aeabi_memcpy                   
010042e5  __aeabi_memcpy4                  
010042e5  __aeabi_memcpy8                  
010042e5  memcpy                           
01004419  __aeabi_uldivmod                 
010044af  clkFxn                           
01004541  HwiP_construct                   
010045cd  IntPendSet                       
01004655  PinConfigSet                     
010046dd  TimerCC32XX_setPeriod            
01004765  __aeabi_cdcmpeq                  
01004765  __aeabi_cdcmple                  
010047eb  __aeabi_cdrcmple                 
01004871  Power_init                       
01004979  Power_setDependency              
01004aef  __aeabi_fmul                     
01004b69  __aeabi_memclr                   
01004b69  __aeabi_memclr4                  
01004b69  __aeabi_memclr8                  
01004b6b  __aeabi_memset                   
01004b6b  __aeabi_memset4                  
01004b6b  __aeabi_memset8                  
01004b71  memset                           
01004be5  GPIO_hwiIntFxn                   
01004c5d  TimerCC32XX_start                
01004e9f  I2CSupport_primeTransfer         
01004f09  __TI_decompress_lzss             
01004f71  UARTCC32XX_writeCancel           
01004fd9  PowerCC32XX_setParkState         
0100503d  UARTCC32XX_writePolling          
010050a1  PRCMSysResetCauseGet             
01005101  sendInfoToUART                   
01005161  GPIO_setCallback                 
010051bd  frexp                            
010051bd  frexpl                           
01005275  GPIO_write                       
010052cd  PRCMPeripheralReset              
01005325  Power_releaseDependency          
0100537d  TimerCC32XX_stop                 
01005429  __TI_ltoa                        
0100547d  initTimer                        
01005525  PowerCC32XX_resumeLPDS           
0100561b  __aeabi_idiv0                    
0100561b  __aeabi_ldiv0                    
0100561d  ClockP_doTick                    
0100561d  ClockP_sysTickHandler            
0100566d  SemaphoreP_construct             
010056bd  TimerCC32XX_allocateTimerResource
0100570d  GPIO_enableInt                   
010057a5  PowerCC32XX_parkPin              
010057f1  atoi                             
01005889  snprintf                         
010058d5  FlashDisable                     
0100591d  PRCMLPDSEnter                    
01005965  PRCMPeripheralClkEnable          
010059ad  Power_releaseConstraint          
010059f5  initGPIO                         
01005a3d  __aeabi_d2iz                     
01005a85  RingBuf_put                      
01005b11  ClockP_stop                      
01005b55  PRCMLPDSRestoreInfoSet           
01005b99  PowerCC32XX_enterLPDS            
01005bdd  SemaphoreP_post                  
01005c21  SwiP_restore                     
01005c65  Timer_init                       
01005ca9  UART_init                        
01005ced  __TI_auto_init_nobinit_nopinit   
01005d31  checkTempAndIfHeatOn             
01005d75  initUART                         
01005db9  ClockP_construct                 
01005df9  PinModeSet                       
01005e39  RingBuf_get                      
01005e79  Timer_open                       
01005eb9  UARTCC32XX_read                  
01005ef9  UART_open                        
01005f79  ClockP_destruct                  
01005fb5  Power_setConstraint              
01005ff1  TimerCC32XX_close                
01006065  PRCMLPDSEnterKeepDebugIf         
0100610d  checkButtonFlags                 
01006145  initVectors                      
010061b5  __aeabi_f2iz                     
010061ed  __aeabi_i2f                      
01006225  TimerControlStall                
0100625b  UARTCC32XX_readCancel            
01006291  ClockP_getTicksUntilInterrupt    
010062c5  ClockP_startup                   
010062f9  PinModeGet                       
0100632d  PowerCC32XX_restoreParkState     
01006361  TimerCC32XX_freeTimerResource    
010063c9  ClockP_start                     
010063f9  PowerCC32XX_restoreParkedPin     
01006459  __aeabi_i2d                      
01006489  PowerCC32XX_getParkState         
010064b5  HwiP_create                      
010064df  TimerLoadSet                     
01006509  TimerPrescaleSet                 
01006533  I2CFIFODataPutNonBlocking        
0100655d  PRCMPeripheralClkDisable         
01006585  Power_registerNotify             
010065d5  I2CFIFODataGetNonBlocking        
010065fb  I2C_cancel                       
01006621  List_put                         
01006647  List_remove                      
0100666d  HwiP_dispatch                    
01006691  PowerCC32XX_reset                
010066b5  _c_int00_noargs                  
010066d9  I2CMasterSlaveAddrSet            
010066fb  HwiP_destruct                    
0100671d  Power_unregisterNotify           
0100673d  RingBuf_peek                     
0100677d  I2CMasterIntStatusEx             
0100679b  SemaphoreP_constructBinary       
010067b9  TimerDisable                     
010067d7  TimerEnable                      
010067f5  PinToPadGet                      
01006811  SwiP_disable                     
0100682d  __TI_zero_init_nomemset          
01006865  memccpy                          
01006881  ClockP_create                    
0100689b  SemaphoreP_createBinary          
010068b5  resetISR                         
010068c8  resetVectorAddr                  
010068cf  I2CMasterBusBusy                 
010068e7  I2CMasterIntDisableEx            
010068ff  I2CMasterIntEnableEx             
01006917  I2CRxFIFOFlush                   
0100692f  I2CTxFIFOFlush                   
01006949  Power_getTransitionLatency       
01006961  Power_idleFunc                   
01006979  TimerCC32XX_getCount             
01006991  TimerIntDisable                  
010069a9  TimerIntEnable                   
010069c1  UARTBusy                         
010069d9  UARTIntEnable                    
010069f1  UART_Params_init                 
01006a21  lowerTempButton                  
01006a39  raiseTempButton                  
01006a51  __aeabi_lmul                     
01006a69  timerCallback                    
01006a81  I2CMasterBurstLengthSet          
01006a97  PRCMHIBRegRead                   
01006aad  PRCMHIBRegWrite                  
01006ac3  SemaphoreP_create                
01006ad9  strchr                           
01006aef  CPUcpsid                         
01006b05  HwiP_inISR                       
01006b19  I2CSupport_masterFinish          
01006b2d  I2C_transfer                     
01006b41  IntVTableBaseSet                 
01006b55  Power_disablePolicy              
01006b69  Power_getDependencyCount         
01006b91  strlen                           
01006ba5  HwiP_Params_init                 
01006bb7  I2CMasterIntClearEx              
01006bc9  RingBuf_construct                
01006bdb  TimerIntClear                    
01006bed  main                             
01006bff  wcslen                           
01006c11  Board_init                       
01006c21  ClockP_add                       
01006c31  ClockP_delete                    
01006c41  ClockP_getCpuFreq                
01006c51  ClockP_getSystemTicks            
01006c61  ClockP_setTicks                  
01006c71  HwiP_delete                      
01006c81  HwiP_restore                     
01006c91  I2CFIFOStatus                    
01006ca1  I2C_Params_init                  
01006cb1  Power_enablePolicy               
01006cc1  SemaphoreP_Params_init           
01006cd1  Timer_Params_init                
01006cf1  HwiP_clearInterrupt              
01006cff  HwiP_disable                     
01006d0d  HwiP_disableInterrupt            
01006d1b  HwiP_enable                      
01006d1b  NoRTOS_start                     
01006d29  HwiP_enableInterrupt             
01006d45  RingBuf_isFull                   
01006d53  __TI_decompress_none             
01006d6d  Power_getConstraintMask          
01006d79  copysign                         
01006d79  copysignl                        
01006d9d  ClockP_Params_init               
01006da7  ClockP_isActive                  
01006db1  IntMasterDisable                 
01006dbb  Timer_start                      
01006dc5  UART_write                       
01006dd9  __aeabi_errno_addr               
01006de1  malloc                           
01006df9  I2CSupport_powerRelConstraint    
01006dff  I2CSupport_powerSetConstraint    
01006e05  TimerCC32XX_control              
01006e0b  UtilsDelay                       
01006e11  ClockP_setTimeout                
01006e15  HwiP_post                        
01006e19  SemaphoreP_delete                
01006e1d  _system_pre_init                 
01006e21  C$$EXIT                          
01006e21  abort                            
01006e24  _ctypes_                         
010070d0  PowerCC32XX_config               
01007114  UARTCC32XX_fxnTable              
0100713c  UART_defaultParams               
010071a8  TimerCC32XX_fxnTable             
01007230  GPIOCC32XX_config                
01007258  i2cCC32XXHWAttrs                 
01007294  I2C_defaultParams                
010072c4  timerCC32XXHWAttrs               
010072e0  Timer_config                     
010072ec  UART_config                      
01007304  CONFIG_GPIO_BUTTON_0_CONST       
01007305  CONFIG_GPIO_BUTTON_1_CONST       
01007306  CONFIG_GPIO_LED_0_CONST          
01007307  CONFIG_I2C_0_CONST               
01007308  I2C_count                        
01007309  CONFIG_TIMER_0_CONST             
0100730a  Timer_count                      
0100730b  CONFIG_UART_0_CONST              
0100730c  UART_count                       
01007310  I2C_config                       
01007318  outPinTypes                      
0100732e  inPinTypes                       
01007334  outPinStrengths                  
01007340  __TI_static_base__               
0100740c  __TI_Handler_Table_Base          
01007418  __TI_Handler_Table_Limit         
01007420  __TI_CINIT_Base                  
01007430  __TI_CINIT_Limit                 
20000000  __start___llvm_prf_cnts          
20000000  __stop___llvm_prf_cnts           
20000310  _sys_memory                      
2000861c  PowerCC32XX_module               
20008788  parkInfo                         
20008880  setPoint                         
20008884  temp                             
20008888  secondsPassed                    
2000888c  isHeatOn                         
2000888d  shouldLowerSetPoint              
2000888e  shouldRaiseSetPoint              
2000888f  TimerFlag                        
20008890  gpioCallbackFunctions            
2000889c  gpioPinConfigs                   
200088b4  _lock                            
200088b8  _unlock                          
200088c4  SemaphoreP_defaultParams         
200088cc  HwiP_key                         
200088d0  HwiP_swiPIntNum                  
200088d4  ClockP_tickPeriod                
200088dc  errno                            
200088e0  PowerCC32XX_contextSave          
20008a0c  i2cCC32XXObjects                 
20008b08  uartCC32XXObjects0               
20008b8c  output                           
20008bcc  timerCC32XXObjects               
20008c40  i2cTransaction                   
20008c78  ClockP_ctrl                      
20008ca0  i2c                              
20008ca4  rxBuffer                         
20008ca8  timer0                           
20008cac  txBuffer                         
20008cb0  uart                             
2003f000  __stack                          
20040000  __STACK_END                      
ffffffff  __TI_pprof_out_hndl              
ffffffff  __TI_prof_data_size              
ffffffff  __TI_prof_data_start             
ffffffff  __binit__                        
ffffffff  __c_args__                       
ffffffff  binit                            
UNDEFED   ITM_flush                        
UNDEFED   ITM_restore                      
UNDEFED   __mpu_init                       
UNDEFED   _system_post_cinit               

[314 symbols]
